
> crows-peak-map@0.0.0 test:coverage
> vitest run --coverage --mode test


[1m[7m[36m RUN [39m[27m[22m [36mv2.1.9 [39m[90mC:/Users/sline/Documents/CrowsPeak/cursor/Crows-Peak-Map[39m
      [2mCoverage enabled with [22m[33mv8[39m

[90mstdout[2m | src/tests/unit/cache.test.ts
[22m[39mTest environment loaded: {
  supabaseUrl: [32m'https://jxxoloziwfskksysxphe.supabase.co'[39m,
  hasAnonKey: [33mtrue[39m
}

[90mstdout[2m | src/tests/unit/FilterPanel.test.tsx
[22m[39mTest environment loaded: {
  supabaseUrl: [32m'https://jxxoloziwfskksysxphe.supabase.co'[39m,
  hasAnonKey: [33mtrue[39m
}

[90mstdout[2m | src/tests/unit/EquipmentTabs.test.tsx
[22m[39mTest environment loaded: {
  supabaseUrl: [32m'https://jxxoloziwfskksysxphe.supabase.co'[39m,
  hasAnonKey: [33mtrue[39m
}

[90mstdout[2m | src/tests/unit/SubmitButton.test.tsx
[22m[39mTest environment loaded: {
  supabaseUrl: [32m'https://jxxoloziwfskksysxphe.supabase.co'[39m,
  hasAnonKey: [33mtrue[39m
}

[90mstdout[2m | src/tests/unit/Navbar.test.tsx
[22m[39mTest environment loaded: {
  supabaseUrl: [32m'https://jxxoloziwfskksysxphe.supabase.co'[39m,
  hasAnonKey: [33mtrue[39m
}

[90mstdout[2m | src/tests/unit/LogsTab.test.tsx
[22m[39mTest environment loaded: {
  supabaseUrl: [32m'https://jxxoloziwfskksysxphe.supabase.co'[39m,
  hasAnonKey: [33mtrue[39m
}

[90mstdout[2m | src/tests/unit/InputField.test.tsx
[22m[39mTest environment loaded: {
  supabaseUrl: [32m'https://jxxoloziwfskksysxphe.supabase.co'[39m,
  hasAnonKey: [33mtrue[39m
}

[90mstdout[2m | src/tests/unit/PhotoUpload.test.tsx
[22m[39mTest environment loaded: {
  supabaseUrl: [32m'https://jxxoloziwfskksysxphe.supabase.co'[39m,
  hasAnonKey: [33mtrue[39m
}

[90mstdout[2m | src/tests/security/xss-injection.security.test.ts
[22m[39mTest environment loaded: {
  supabaseUrl: [32m'https://jxxoloziwfskksysxphe.supabase.co'[39m,
  hasAnonKey: [33mtrue[39m
}

[90mstdout[2m | src/tests/unit/GalleryTab.test.tsx
[22m[39mTest environment loaded: {
  supabaseUrl: [32m'https://jxxoloziwfskksysxphe.supabase.co'[39m,
  hasAnonKey: [33mtrue[39m
}

 [32m✓[39m src/tests/security/xss-injection.security.test.ts [2m([22m[2m25 tests[22m[2m)[22m[90m 19[2mms[22m[39m
 [32m✓[39m src/tests/unit/cache.test.ts [2m([22m[2m19 tests[22m[2m)[22m[90m 151[2mms[22m[39m
 [32m✓[39m src/tests/unit/InputField.test.tsx [2m([22m[2m15 tests[22m[2m)[22m[90m 240[2mms[22m[39m
 [32m✓[39m src/tests/unit/SubmitButton.test.tsx [2m([22m[2m13 tests[22m[2m)[22m[33m 340[2mms[22m[39m
[90mstdout[2m | src/tests/unit/Login.test.tsx
[22m[39mTest environment loaded: {
  supabaseUrl: [32m'https://jxxoloziwfskksysxphe.supabase.co'[39m,
  hasAnonKey: [33mtrue[39m
}

[90mstdout[2m | src/tests/unit/SummaryTab.test.tsx
[22m[39mTest environment loaded: {
  supabaseUrl: [32m'https://jxxoloziwfskksysxphe.supabase.co'[39m,
  hasAnonKey: [33mtrue[39m
}

[90mstdout[2m | src/tests/security/file-upload.security.test.ts
[22m[39mTest environment loaded: {
  supabaseUrl: [32m'https://jxxoloziwfskksysxphe.supabase.co'[39m,
  hasAnonKey: [33mtrue[39m
}

[90mstdout[2m | src/tests/integration/EquipmentDetails.test.tsx
[22m[39mTest environment loaded: {
  supabaseUrl: [32m'https://jxxoloziwfskksysxphe.supabase.co'[39m,
  hasAnonKey: [33mtrue[39m
}

[90mstdout[2m | src/tests/unit/icons.test.tsx
[22m[39mTest environment loaded: {
  supabaseUrl: [32m'https://jxxoloziwfskksysxphe.supabase.co'[39m,
  hasAnonKey: [33mtrue[39m
}

 [32m✓[39m src/tests/unit/Navbar.test.tsx [2m([22m[2m21 tests[22m[2m)[22m[33m 363[2mms[22m[39m
[90mstdout[2m | src/tests/unit/RoleContext.real.test.tsx
[22m[39mTest environment loaded: {
  supabaseUrl: [32m'https://jxxoloziwfskksysxphe.supabase.co'[39m,
  hasAnonKey: [33mtrue[39m
}

[90mstdout[2m | src/tests/unit/CheckBox.test.tsx
[22m[39mTest environment loaded: {
  supabaseUrl: [32m'https://jxxoloziwfskksysxphe.supabase.co'[39m,
  hasAnonKey: [33mtrue[39m
}

[90mstdout[2m | src/tests/security/authorization.security.test.ts
[22m[39mTest environment loaded: {
  supabaseUrl: [32m'https://jxxoloziwfskksysxphe.supabase.co'[39m,
  hasAnonKey: [33mtrue[39m
}

[90mstderr[2m | src/tests/unit/LogsTab.test.tsx[2m > [22m[2mLogsTab Component[2m > [22m[2mAdd Log Modal[2m > [22m[2mshould update title field when user types
[22m[39mAn update to LogsTab inside a test was not wrapped in act(...).

When testing, code that causes React state updates should be wrapped into act(...):

act(() => {
  /* fire events that update state */
});
/* assert on the output */

This ensures that you're testing the behavior the user would see in the browser. Learn more at https://react.dev/link/wrap-tests-with-act
An update to LogsTab inside a test was not wrapped in act(...).

When testing, code that causes React state updates should be wrapped into act(...):

act(() => {
  /* fire events that update state */
});
/* assert on the output */

This ensures that you're testing the behavior the user would see in the browser. Learn more at https://react.dev/link/wrap-tests-with-act
An update to LogsTab inside a test was not wrapped in act(...).

When testing, code that causes React state updates should be wrapped into act(...):

act(() => {
  /* fire events that update state */
});
/* assert on the output */

This ensures that you're testing the behavior the user would see in the browser. Learn more at https://react.dev/link/wrap-tests-with-act
An update to LogsTab inside a test was not wrapped in act(...).

When testing, code that causes React state updates should be wrapped into act(...):

act(() => {
  /* fire events that update state */
});
/* assert on the output */

This ensures that you're testing the behavior the user would see in the browser. Learn more at https://react.dev/link/wrap-tests-with-act
An update to LogsTab inside a test was not wrapped in act(...).

When testing, code that causes React state updates should be wrapped into act(...):

act(() => {
  /* fire events that update state */
});
/* assert on the output */

This ensures that you're testing the behavior the user would see in the browser. Learn more at https://react.dev/link/wrap-tests-with-act
An update to LogsTab inside a test was not wrapped in act(...).

When testing, code that causes React state updates should be wrapped into act(...):

act(() => {
  /* fire events that update state */
});
/* assert on the output */

This ensures that you're testing the behavior the user would see in the browser. Learn more at https://react.dev/link/wrap-tests-with-act

[90mstdout[2m | src/tests/security/auth.security.test.ts
[22m[39mTest environment loaded: {
  supabaseUrl: [32m'https://jxxoloziwfskksysxphe.supabase.co'[39m,
  hasAnonKey: [33mtrue[39m
}

 [32m✓[39m src/tests/unit/PhotoUpload.test.tsx [2m([22m[2m29 tests[22m[2m)[22m[33m 748[2mms[22m[39m
[90mstderr[2m | src/tests/unit/LogsTab.test.tsx[2m > [22m[2mLogsTab Component[2m > [22m[2mAdd Log Modal[2m > [22m[2mshould update body field when user types
[22m[39mAn update to LogsTab inside a test was not wrapped in act(...).

When testing, code that causes React state updates should be wrapped into act(...):

act(() => {
  /* fire events that update state */
});
/* assert on the output */

This ensures that you're testing the behavior the user would see in the browser. Learn more at https://react.dev/link/wrap-tests-with-act
An update to LogsTab inside a test was not wrapped in act(...).

When testing, code that causes React state updates should be wrapped into act(...):

act(() => {
  /* fire events that update state */
});
/* assert on the output */

This ensures that you're testing the behavior the user would see in the browser. Learn more at https://react.dev/link/wrap-tests-with-act
An update to LogsTab inside a test was not wrapped in act(...).

When testing, code that causes React state updates should be wrapped into act(...):

act(() => {
  /* fire events that update state */
});
/* assert on the output */

This ensures that you're testing the behavior the user would see in the browser. Learn more at https://react.dev/link/wrap-tests-with-act
An update to LogsTab inside a test was not wrapped in act(...).

When testing, code that causes React state updates should be wrapped into act(...):

act(() => {
  /* fire events that update state */
});
/* assert on the output */

This ensures that you're testing the behavior the user would see in the browser. Learn more at https://react.dev/link/wrap-tests-with-act
An update to LogsTab inside a test was not wrapped in act(...).

When testing, code that causes React state updates should be wrapped into act(...):

act(() => {
  /* fire events that update state */
});
/* assert on the output */

This ensures that you're testing the behavior the user would see in the browser. Learn more at https://react.dev/link/wrap-tests-with-act
An update to LogsTab inside a test was not wrapped in act(...).

When testing, code that causes React state updates should be wrapped into act(...):

act(() => {
  /* fire events that update state */
});
/* assert on the output */

This ensures that you're testing the behavior the user would see in the browser. Learn more at https://react.dev/link/wrap-tests-with-act

[90mstdout[2m | src/tests/security/auth.security.test.ts[2m > [22m[2mAuthentication Security Tests[2m > [22m[2mLogin Security[2m > [22m[2mshould not log sensitive session data
[22m[39mSession loaded

 [32m✓[39m src/tests/security/auth.security.test.ts [2m([22m[2m13 tests[22m[2m)[22m[90m 25[2mms[22m[39m
 [32m✓[39m src/tests/security/authorization.security.test.ts [2m([22m[2m15 tests[22m[2m)[22m[90m 53[2mms[22m[39m
[90mstdout[2m | src/tests/unit/SearchBar.test.tsx
[22m[39mTest environment loaded: {
  supabaseUrl: [32m'https://jxxoloziwfskksysxphe.supabase.co'[39m,
  hasAnonKey: [33mtrue[39m
}

 [32m✓[39m src/tests/unit/RoleContext.real.test.tsx [2m([22m[2m6 tests[22m[2m)[22m[90m 175[2mms[22m[39m
 [32m✓[39m src/tests/unit/CheckBox.test.tsx [2m([22m[2m14 tests[22m[2m)[22m[33m 367[2mms[22m[39m
 [32m✓[39m src/tests/unit/icons.test.tsx [2m([22m[2m26 tests[22m[2m)[22m[90m 20[2mms[22m[39m
 [32m✓[39m src/tests/unit/EquipmentTabs.test.tsx [2m([22m[2m25 tests[22m[2m)[22m[33m 1211[2mms[22m[39m
 [32m✓[39m src/tests/unit/Login.test.tsx [2m([22m[2m18 tests[22m[2m)[22m[33m 523[2mms[22m[39m
[90mstderr[2m | src/tests/integration/EquipmentDetails.test.tsx[2m > [22m[2mEquipmentDetails Component[2m > [22m[2mData Fetching[2m > [22m[2mshould show loading spinner while fetching data
[22m[39mAn update to EquipmentDetails inside a test was not wrapped in act(...).

When testing, code that causes React state updates should be wrapped into act(...):

act(() => {
  /* fire events that update state */
});
/* assert on the output */

This ensures that you're testing the behavior the user would see in the browser. Learn more at https://react.dev/link/wrap-tests-with-act
An update to EquipmentDetails inside a test was not wrapped in act(...).

When testing, code that causes React state updates should be wrapped into act(...):

act(() => {
  /* fire events that update state */
});
/* assert on the output */

This ensures that you're testing the behavior the user would see in the browser. Learn more at https://react.dev/link/wrap-tests-with-act

[90mstderr[2m | src/tests/unit/LogsTab.test.tsx[2m > [22m[2mLogsTab Component[2m > [22m[2mAdd Log Validation[2m > [22m[2mshould allow submission with only title (body optional)
[22m[39mAn update to LogsTab inside a test was not wrapped in act(...).

When testing, code that causes React state updates should be wrapped into act(...):

act(() => {
  /* fire events that update state */
});
/* assert on the output */

This ensures that you're testing the behavior the user would see in the browser. Learn more at https://react.dev/link/wrap-tests-with-act
An update to LogsTab inside a test was not wrapped in act(...).

When testing, code that causes React state updates should be wrapped into act(...):

act(() => {
  /* fire events that update state */
});
/* assert on the output */

This ensures that you're testing the behavior the user would see in the browser. Learn more at https://react.dev/link/wrap-tests-with-act
An update to LogsTab inside a test was not wrapped in act(...).

When testing, code that causes React state updates should be wrapped into act(...):

act(() => {
  /* fire events that update state */
});
/* assert on the output */

This ensures that you're testing the behavior the user would see in the browser. Learn more at https://react.dev/link/wrap-tests-with-act
An update to LogsTab inside a test was not wrapped in act(...).

When testing, code that causes React state updates should be wrapped into act(...):

act(() => {
  /* fire events that update state */
});
/* assert on the output */

This ensures that you're testing the behavior the user would see in the browser. Learn more at https://react.dev/link/wrap-tests-with-act
An update to LogsTab inside a test was not wrapped in act(...).

When testing, code that causes React state updates should be wrapped into act(...):

act(() => {
  /* fire events that update state */
});
/* assert on the output */

This ensures that you're testing the behavior the user would see in the browser. Learn more at https://react.dev/link/wrap-tests-with-act
An update to LogsTab inside a test was not wrapped in act(...).

When testing, code that causes React state updates should be wrapped into act(...):

act(() => {
  /* fire events that update state */
});
/* assert on the output */

This ensures that you're testing the behavior the user would see in the browser. Learn more at https://react.dev/link/wrap-tests-with-act

 [32m✓[39m src/tests/unit/FilterPanel.test.tsx [2m([22m[2m28 tests[22m[2m)[22m[33m 1281[2mms[22m[39m
[90mstderr[2m | src/tests/unit/LogsTab.test.tsx[2m > [22m[2mLogsTab Component[2m > [22m[2mAdd Log Validation[2m > [22m[2mshould trim whitespace from title before validating
[22m[39mAn update to LogsTab inside a test was not wrapped in act(...).

When testing, code that causes React state updates should be wrapped into act(...):

act(() => {
  /* fire events that update state */
});
/* assert on the output */

This ensures that you're testing the behavior the user would see in the browser. Learn more at https://react.dev/link/wrap-tests-with-act
An update to LogsTab inside a test was not wrapped in act(...).

When testing, code that causes React state updates should be wrapped into act(...):

act(() => {
  /* fire events that update state */
});
/* assert on the output */

This ensures that you're testing the behavior the user would see in the browser. Learn more at https://react.dev/link/wrap-tests-with-act
An update to LogsTab inside a test was not wrapped in act(...).

When testing, code that causes React state updates should be wrapped into act(...):

act(() => {
  /* fire events that update state */
});
/* assert on the output */

This ensures that you're testing the behavior the user would see in the browser. Learn more at https://react.dev/link/wrap-tests-with-act
An update to LogsTab inside a test was not wrapped in act(...).

When testing, code that causes React state updates should be wrapped into act(...):

act(() => {
  /* fire events that update state */
});
/* assert on the output */

This ensures that you're testing the behavior the user would see in the browser. Learn more at https://react.dev/link/wrap-tests-with-act
An update to LogsTab inside a test was not wrapped in act(...).

When testing, code that causes React state updates should be wrapped into act(...):

act(() => {
  /* fire events that update state */
});
/* assert on the output */

This ensures that you're testing the behavior the user would see in the browser. Learn more at https://react.dev/link/wrap-tests-with-act
An update to LogsTab inside a test was not wrapped in act(...).

When testing, code that causes React state updates should be wrapped into act(...):

act(() => {
  /* fire events that update state */
});
/* assert on the output */

This ensures that you're testing the behavior the user would see in the browser. Learn more at https://react.dev/link/wrap-tests-with-act

 [32m✓[39m src/tests/unit/GalleryTab.test.tsx [2m([22m[2m38 tests[22m[2m)[22m[33m 1465[2mms[22m[39m
[90mstderr[2m | src/tests/unit/LogsTab.test.tsx[2m > [22m[2mLogsTab Component[2m > [22m[2mAdd Log Submission[2m > [22m[2mshould submit log with correct data
[22m[39mAn update to LogsTab inside a test was not wrapped in act(...).

When testing, code that causes React state updates should be wrapped into act(...):

act(() => {
  /* fire events that update state */
});
/* assert on the output */

This ensures that you're testing the behavior the user would see in the browser. Learn more at https://react.dev/link/wrap-tests-with-act
An update to LogsTab inside a test was not wrapped in act(...).

When testing, code that causes React state updates should be wrapped into act(...):

act(() => {
  /* fire events that update state */
});
/* assert on the output */

This ensures that you're testing the behavior the user would see in the browser. Learn more at https://react.dev/link/wrap-tests-with-act
An update to LogsTab inside a test was not wrapped in act(...).

When testing, code that causes React state updates should be wrapped into act(...):

act(() => {
  /* fire events that update state */
});
/* assert on the output */

This ensures that you're testing the behavior the user would see in the browser. Learn more at https://react.dev/link/wrap-tests-with-act
An update to LogsTab inside a test was not wrapped in act(...).

When testing, code that causes React state updates should be wrapped into act(...):

act(() => {
  /* fire events that update state */
});
/* assert on the output */

This ensures that you're testing the behavior the user would see in the browser. Learn more at https://react.dev/link/wrap-tests-with-act
An update to LogsTab inside a test was not wrapped in act(...).

When testing, code that causes React state updates should be wrapped into act(...):

act(() => {
  /* fire events that update state */
});
/* assert on the output */

This ensures that you're testing the behavior the user would see in the browser. Learn more at https://react.dev/link/wrap-tests-with-act
An update to LogsTab inside a test was not wrapped in act(...).

When testing, code that causes React state updates should be wrapped into act(...):

act(() => {
  /* fire events that update state */
});
/* assert on the output */

This ensures that you're testing the behavior the user would see in the browser. Learn more at https://react.dev/link/wrap-tests-with-act

[90mstderr[2m | src/tests/unit/LogsTab.test.tsx[2m > [22m[2mLogsTab Component[2m > [22m[2mAdd Log Submission[2m > [22m[2mshould close modal after successful submission
[22m[39mAn update to LogsTab inside a test was not wrapped in act(...).

When testing, code that causes React state updates should be wrapped into act(...):

act(() => {
  /* fire events that update state */
});
/* assert on the output */

This ensures that you're testing the behavior the user would see in the browser. Learn more at https://react.dev/link/wrap-tests-with-act
An update to LogsTab inside a test was not wrapped in act(...).

When testing, code that causes React state updates should be wrapped into act(...):

act(() => {
  /* fire events that update state */
});
/* assert on the output */

This ensures that you're testing the behavior the user would see in the browser. Learn more at https://react.dev/link/wrap-tests-with-act
An update to LogsTab inside a test was not wrapped in act(...).

When testing, code that causes React state updates should be wrapped into act(...):

act(() => {
  /* fire events that update state */
});
/* assert on the output */

This ensures that you're testing the behavior the user would see in the browser. Learn more at https://react.dev/link/wrap-tests-with-act
An update to LogsTab inside a test was not wrapped in act(...).

When testing, code that causes React state updates should be wrapped into act(...):

act(() => {
  /* fire events that update state */
});
/* assert on the output */

This ensures that you're testing the behavior the user would see in the browser. Learn more at https://react.dev/link/wrap-tests-with-act
An update to LogsTab inside a test was not wrapped in act(...).

When testing, code that causes React state updates should be wrapped into act(...):

act(() => {
  /* fire events that update state */
});
/* assert on the output */

This ensures that you're testing the behavior the user would see in the browser. Learn more at https://react.dev/link/wrap-tests-with-act
An update to LogsTab inside a test was not wrapped in act(...).

When testing, code that causes React state updates should be wrapped into act(...):

act(() => {
  /* fire events that update state */
});
/* assert on the output */

This ensures that you're testing the behavior the user would see in the browser. Learn more at https://react.dev/link/wrap-tests-with-act

[90mstderr[2m | src/tests/integration/EquipmentDetails.test.tsx[2m > [22m[2mEquipmentDetails Component[2m > [22m[2mEdit Mode[2m > [22m[2mshould toggle edit mode when edit button is clicked
[22m[39mAn update to EquipmentDetails inside a test was not wrapped in act(...).

When testing, code that causes React state updates should be wrapped into act(...):

act(() => {
  /* fire events that update state */
});
/* assert on the output */

This ensures that you're testing the behavior the user would see in the browser. Learn more at https://react.dev/link/wrap-tests-with-act
An update to EquipmentDetails inside a test was not wrapped in act(...).

When testing, code that causes React state updates should be wrapped into act(...):

act(() => {
  /* fire events that update state */
});
/* assert on the output */

This ensures that you're testing the behavior the user would see in the browser. Learn more at https://react.dev/link/wrap-tests-with-act

[90mstderr[2m | src/tests/unit/LogsTab.test.tsx[2m > [22m[2mLogsTab Component[2m > [22m[2mAdd Log Submission[2m > [22m[2mshould reset form after successful submission
[22m[39mAn update to LogsTab inside a test was not wrapped in act(...).

When testing, code that causes React state updates should be wrapped into act(...):

act(() => {
  /* fire events that update state */
});
/* assert on the output */

This ensures that you're testing the behavior the user would see in the browser. Learn more at https://react.dev/link/wrap-tests-with-act
An update to LogsTab inside a test was not wrapped in act(...).

When testing, code that causes React state updates should be wrapped into act(...):

act(() => {
  /* fire events that update state */
});
/* assert on the output */

This ensures that you're testing the behavior the user would see in the browser. Learn more at https://react.dev/link/wrap-tests-with-act
An update to LogsTab inside a test was not wrapped in act(...).

When testing, code that causes React state updates should be wrapped into act(...):

act(() => {
  /* fire events that update state */
});
/* assert on the output */

This ensures that you're testing the behavior the user would see in the browser. Learn more at https://react.dev/link/wrap-tests-with-act
An update to LogsTab inside a test was not wrapped in act(...).

When testing, code that causes React state updates should be wrapped into act(...):

act(() => {
  /* fire events that update state */
});
/* assert on the output */

This ensures that you're testing the behavior the user would see in the browser. Learn more at https://react.dev/link/wrap-tests-with-act
An update to LogsTab inside a test was not wrapped in act(...).

When testing, code that causes React state updates should be wrapped into act(...):

act(() => {
  /* fire events that update state */
});
/* assert on the output */

This ensures that you're testing the behavior the user would see in the browser. Learn more at https://react.dev/link/wrap-tests-with-act
An update to LogsTab inside a test was not wrapped in act(...).

When testing, code that causes React state updates should be wrapped into act(...):

act(() => {
  /* fire events that update state */
});
/* assert on the output */

This ensures that you're testing the behavior the user would see in the browser. Learn more at https://react.dev/link/wrap-tests-with-act

[90mstderr[2m | src/tests/integration/EquipmentDetails.test.tsx[2m > [22m[2mEquipmentDetails Component[2m > [22m[2mEdit Mode[2m > [22m[2mshould show cancel button in edit mode
[22m[39mAn update to EquipmentDetails inside a test was not wrapped in act(...).

When testing, code that causes React state updates should be wrapped into act(...):

act(() => {
  /* fire events that update state */
});
/* assert on the output */

This ensures that you're testing the behavior the user would see in the browser. Learn more at https://react.dev/link/wrap-tests-with-act
An update to EquipmentDetails inside a test was not wrapped in act(...).

When testing, code that causes React state updates should be wrapped into act(...):

act(() => {
  /* fire events that update state */
});
/* assert on the output */

This ensures that you're testing the behavior the user would see in the browser. Learn more at https://react.dev/link/wrap-tests-with-act

[90mstderr[2m | src/tests/unit/LogsTab.test.tsx[2m > [22m[2mLogsTab Component[2m > [22m[2mAdd Log Submission[2m > [22m[2mshould refresh logs after successful submission
[22m[39mAn update to LogsTab inside a test was not wrapped in act(...).

When testing, code that causes React state updates should be wrapped into act(...):

act(() => {
  /* fire events that update state */
});
/* assert on the output */

This ensures that you're testing the behavior the user would see in the browser. Learn more at https://react.dev/link/wrap-tests-with-act
An update to LogsTab inside a test was not wrapped in act(...).

When testing, code that causes React state updates should be wrapped into act(...):

act(() => {
  /* fire events that update state */
});
/* assert on the output */

This ensures that you're testing the behavior the user would see in the browser. Learn more at https://react.dev/link/wrap-tests-with-act
An update to LogsTab inside a test was not wrapped in act(...).

When testing, code that causes React state updates should be wrapped into act(...):

act(() => {
  /* fire events that update state */
});
/* assert on the output */

This ensures that you're testing the behavior the user would see in the browser. Learn more at https://react.dev/link/wrap-tests-with-act
An update to LogsTab inside a test was not wrapped in act(...).

When testing, code that causes React state updates should be wrapped into act(...):

act(() => {
  /* fire events that update state */
});
/* assert on the output */

This ensures that you're testing the behavior the user would see in the browser. Learn more at https://react.dev/link/wrap-tests-with-act
An update to LogsTab inside a test was not wrapped in act(...).

When testing, code that causes React state updates should be wrapped into act(...):

act(() => {
  /* fire events that update state */
});
/* assert on the output */

This ensures that you're testing the behavior the user would see in the browser. Learn more at https://react.dev/link/wrap-tests-with-act
An update to LogsTab inside a test was not wrapped in act(...).

When testing, code that causes React state updates should be wrapped into act(...):

act(() => {
  /* fire events that update state */
});
/* assert on the output */

This ensures that you're testing the behavior the user would see in the browser. Learn more at https://react.dev/link/wrap-tests-with-act

 [32m✓[39m src/tests/unit/SummaryTab.test.tsx [2m([22m[2m29 tests[22m[2m)[22m[33m 670[2mms[22m[39m
[90mstderr[2m | src/tests/integration/EquipmentDetails.test.tsx[2m > [22m[2mEquipmentDetails Component[2m > [22m[2mMetadata Management[2m > [22m[2mshould not add field with empty key or value
[22m[39mAn update to EquipmentDetails inside a test was not wrapped in act(...).

When testing, code that causes React state updates should be wrapped into act(...):

act(() => {
  /* fire events that update state */
});
/* assert on the output */

This ensures that you're testing the behavior the user would see in the browser. Learn more at https://react.dev/link/wrap-tests-with-act
An update to EquipmentDetails inside a test was not wrapped in act(...).

When testing, code that causes React state updates should be wrapped into act(...):

act(() => {
  /* fire events that update state */
});
/* assert on the output */

This ensures that you're testing the behavior the user would see in the browser. Learn more at https://react.dev/link/wrap-tests-with-act

 [32m✓[39m src/tests/unit/SearchBar.test.tsx [2m([22m[2m19 tests[22m[2m)[22m[33m 502[2mms[22m[39m
 [32m✓[39m src/tests/security/file-upload.security.test.ts [2m([22m[2m25 tests[22m[2m)[22m[33m 1448[2mms[22m[39m
   [33m[2m✓[22m[39m File Upload Security Tests[2m > [22mFile Size Limits[2m > [22mshould reject files exceeding size limit [33m1423[2mms[22m[39m
[90mstderr[2m | src/tests/integration/EquipmentDetails.test.tsx[2m > [22m[2mEquipmentDetails Component[2m > [22m[2mEdge Cases[2m > [22m[2mshould handle signed URL creation error
[22m[39mcreateSignedUrls error: Storage error

 [32m✓[39m src/tests/integration/EquipmentDetails.test.tsx [2m([22m[2m38 tests[22m[2m)[22m[33m 948[2mms[22m[39m
 [31m❯[39m src/tests/unit/LogsTab.test.tsx [2m([22m[2m48 tests[22m[2m | [22m[31m15 failed[39m[2m)[22m[33m 5481[2mms[22m[39m
[31m   [31m×[31m LogsTab Component[2m > [22mAdd Log Modal[2m > [22mshould update date field when user changes it[90m 100[2mms[22m[31m[39m
[31m     → Unable to find a label with the text of: Date

Ignored nodes: comments, script, style
[36m<body>[31m
  [36m<div>[31m
    [36m<div>[31m
      [36m<div[31m
        [33mclass[31m=[32m"mb-6 flex items-center justify-between"[31m
      [36m>[31m
        [36m<h2[31m
          [33mclass[31m=[32m"text-xl font-semibold text-gray-900 dark:text-white"[31m
        [36m>[31m
          [0mService Logs[0m
        [36m</h2>[31m
        [36m<button[31m
          [33mclass[31m=[32m"inline-flex items-center gap-2 rounded-lg bg-[#2f6ea8] px-4 py-2 text-sm font-semibold text-white shadow-sm hover:brightness-110 focus:outline-none focus:ring-2 focus:ring-[#2f6ea8] transition-colors"[31m
          [33mtype[31m=[32m"button"[31m
        [36m>[31m
          [36m<svg[31m
            [33mclass[31m=[32m"h-4 w-4"[31m
            [33mfill[31m=[32m"currentColor"[31m
            [33mheight[31m=[32m"1em"[31m
            [33mstroke[31m=[32m"currentColor"[31m
            [33mstroke-width[31m=[32m"0"[31m
            [33mviewBox[31m=[32m"0 0 448 512"[31m
            [33mwidth[31m=[32m"1em"[31m
            [33mxmlns[31m=[32m"http://www.w3.org/2000/svg"[31m
          [36m>[31m
            [36m<path[31m
              [33md[31m=[32m"M416 208H272V64c0-17.67-14.33-32-32-32h-32c-17.67 0-32 14.33-32 32v144H32c-17.67 0-32 14.33-32 32v32c0 17.67 14.33 32 32 32h144v144c0 17.67 14.33 32 32 32h32c17.67 0 32-14.33 32-32V304h144c17.67 0 32-14.33 32-32v-32c0-17.67-14.33-32-32-32z"[31m
            [36m/>[31m
          [36m</svg>[31m
          [0mAdd Log[0m
        [36m</button>[31m
      [36m</div>[31m
      [36m<div[31m
        [33mclass[31m=[32m"space-y-4"[31m
      [36m>[31m
        [36m<div[31m
          [33mclass[31m=[32m"relative rounded-lg border border-gray-200 bg-white p-4 shadow-sm transition hover:shadow-md dark:border-gray-700 dark:bg-gray-800"[31m
        [36m>[31m
          [36m<div[31m
            [33mclass[31m=[32m"flex items-start justify-between"[31m
          [36m>[31m
            [36m<div[31m
              [33mclass[31m=[32m"flex-1 pr-10"[31m
            [36m>[31m
              [36m<h3[31m
                [33mclass[31m=[32m"font-semibold text-gray-900 dark:text-white"[31m
              [36m>[31m
                [0mOil Change[0m
              [36m</h3>[31m
              [36m<p[31m
                [33mclass[31m=[32m"mt-1 text-sm text-gray-500 dark:text-gray-400"[31m
              [36m>[31m
                [0mJan 15, 2024[0m
              [36m</p>[31m
            [36m</div>[31m
          [36m</div>[31m
          [36m<p[31m
            [33mclass[31m=[32m"mt-3 text-sm text-gray-700 dark:text-gray-300 whitespace-pre-wrap"[31m
          [36m>[31m
            [0mChanged oil and filter[0m
          [36m</p>[31m
        [36m</div>[31m
        [36m<div[31m
          [33mclass[31m=[32m"relative rounded-lg border border-gray-200 bg-white p-4 shadow-sm transition hover:shadow-md dark:border-gray-700 dark:bg-gray-800"[31m
        [36m>[31m
          [36m<div[31m
            [33mclass[31m=[32m"flex items-start justify-between"[31m
          [36m>[31m
            [36m<div[31m
              [33mclass[31m=[32m"flex-1 pr-10"[31m
            [36m>[31m
              [36m<h3[31m
                [33mclass[31m=[32m"font-semibold text-gray-900 dark:text-white"[31m
              [36m>[31m
                [0mTire Rotation[0m
              [36m</h3>[31m
              [36m<p[31m
                [33mclass[31m=[32m"mt-1 text-sm text-gray-500 dark:text-gray-400"[31m
              [36m>[31m
                [0mJan 10, 2024[0m
              [36m</p>[31m
            [36m</div>[31m
          [36m</div>[31m
          [36m<p[31m
            [33mclass[31m=[32m"mt-3 text-sm text-gray-700 dark:text-gray-300 whitespace-pre-wrap"[31m
          [36m>[31m
            [0mRotated all tires[0m
          [36m</p>[31m
        [36m</div>[31m
      [36m</div>[31m
      [36m<div[31m
        [33mclass[31m=[32m"fixed inset-0 z-50 flex items-center justify-center bg-black/50 p-4"[31m
      [36m>[31m
        [36m<div[31m
          [33mclass[31m=[32m"w-full max-w-lg rounded-lg bg-white shadow-xl dark:bg-gray-800"[31m
        [36m>[31m
          [36m<div[31m
            [33mclass[31m=[32m"border-b border-gray-200 px-6 py-4 dark:border-gray-700"[31m
          [36m>[31m
            [36m<h3[31m
              [33mclass[31m=[32m"text-lg font-semibold text-gray-900 dark:text-white"[31m
            [36m>[31m
              [0mAdd Service Log[0m
            [36m</h3>[31m
          [36m</div>[31m
          [36m<form>[31m
            [36m<div[31m
              [33mclass[31m=[32m"space-y-4 p-6"[31m
            [36m>[31m
              [36m<div>[31m
                [36m<label[31m
                  [33mclass[31m=[32m"block text-sm font-medium text-gray-700 dark:text-gray-300"[31m
                  [33mfor[31m=[32m"log-title"[31m
                [36m>[31m
                  [0mTitle *[0m
                [36m</label>[31m
                [36m<input[31m
                  [33mclass[31m=[32m"mt-1 w-full rounded-lg border border-gray-300 px-3 py-2 text-sm focus:border-[#2f6ea8] focus:outline-none focus:ring-2 focus:ring-[#2f6ea8] dark:border-gray-600 dark:bg-gray-700 dark:text-white"[31m
                  [33mid[31m=[32m"log-title"[31m
                  [33mplaceholder[31m=[32m"e.g., Annual maintenance"[31m
                  [33mrequired[31m=[32m""[31m
                  [33mtype[31m=[32m"text"[31m
                  [33mvalue[31m=[32m""[31m
                [36m/>[31m
              [36m</div>[31m
              [36m<div>[31m
                [36m<label[31m
                  [33mclass[31m=[32m"block text-sm font-medium text-gray-700 dark:text-gray-300"[31m
                  [33mfor[31m=[32m"log-date"[31m
                [36m>[31m
                  [0mDate *[0m
                [36m</label>[31m
                [36m<input[31m
                  [33mclass[31m=[32m"mt-1 w-full rounded-lg border border-gray-300 px-3 py-2 text-sm focus:border-[#2f6ea8] focus:outline-none focus:ring-2 focus:ring-[#2f6ea8] dark:border-gray-600 dark:bg-gray-700 dark:text-white"[31m
                  [33mid[31m=[32m"log-date"[31m
                  [33mrequired[31m=[32m""[31m
                  [33mtype[31m=[32m"date"[31m
                  [33mvalue[31m=[32m"2025-12-18"[31m
                [36m/>[31m
              [36m</div>[31m
              [36m<div>[31m
                [36m<label[31m
                  [33mclass[31m=[32m"block text-sm font-medium text-gray-700 dark:text-gray-300"[31m
                  [33mfor[31m=[32m"log-body"[31m
                [36m>[31m
                  [0mNotes[0m
                [36m</label>[31m
                [36m<textarea[31m
                  [33mclass[31m=[32m"mt-1 w-full rounded-lg border border-gray-300 px-3 py-2 text-sm focus:border-[#2f6ea8] focus:outline-none focus:ring-2 focus:ring-[#2f6ea8] dark:border-gray-600 dark:bg-gray-700 dark:text-white"[31m
                  [33mid[31m=[32m"log-body"[31m
                  [33mplaceholder[31m=[32m"Detailed notes about the service..."[31m
                  [33mrows[31m=[32m"4"[31m
                [36m/>[31m
              [36m</div>[31m
            [36m</div>[31m
            [36m<div[31m
              [33mclass[31m=[32m"flex justify-end gap-3 border-t border-gray-200 px-6 py-4 dark:border-gray-700"[31m
            [36m>[31m
              [36m<button[31m
                [33mclass[31m=[32m"rounded-lg border border-gray-300 px-4 py-2 text-sm font-medium text-gray-700 hover:bg-gray-50 focus:outline-none focus:ring-2 focus:ring-gray-500 disabled:opacity-50 dark:border-gray-600 dark:text-gray-300 dark:hover:bg-gray-700"[31m
                [33mtype[31m=[32m"button"[31m
              [36m>[31m
                [0mCancel[0m
              [36m</button>[31m
              [36m<button[31m
                [33mclass[31m=[32m"inline-flex items-center gap-2 rounded-lg bg-[#2f6ea8] px-4 py-2 text-sm font-semibold text-white hover:brightness-110 focus:outline-none focus:ring-2 focus:ring-[#2f6ea8] disabled:opacity-50"[31m
                [33mtype[31m=[32m"submit"[31m
              [36m>[31m
                [0mSave[0m
              [36m</button>[31m
            [36m</div>[31m
          [36m</form>[31m
        [36m</div>[31m
      [36m</div>[31m
    [36m</div>[31m
  [36m</div>[31m
[36m</body>[31m[39m
[31m   [31m×[31m LogsTab Component[2m > [22mAdd Log Modal[2m > [22mshould close modal when clicking outside[33m 1060[2mms[22m[31m[39m
[31m     → [2mexpect([22m[31melement[31m[2m).not.toBeInTheDocument()[22m

[31mexpected document not to contain element, found <h3
  class="text-lg font-semibold text-gray-900 dark:text-white"
>
  Add Service Log
</h3> instead[31m

Ignored nodes: comments, script, style
[36m<html>[31m
  [36m<head />[31m
  [36m<body>[31m
    [36m<div>[31m
      [36m<div>[31m
        [36m<div[31m
          [33mclass[31m=[32m"mb-6 flex items-center justify-between"[31m
        [36m>[31m
          [36m<h2[31m
            [33mclass[31m=[32m"text-xl font-semibold text-gray-900 dark:text-white"[31m
          [36m>[31m
            [0mService Logs[0m
          [36m</h2>[31m
          [36m<button[31m
            [33mclass[31m=[32m"inline-flex items-center gap-2 rounded-lg bg-[#2f6ea8] px-4 py-2 text-sm font-semibold text-white shadow-sm hover:brightness-110 focus:outline-none focus:ring-2 focus:ring-[#2f6ea8] transition-colors"[31m
            [33mtype[31m=[32m"button"[31m
          [36m>[31m
            [36m<svg[31m
              [33mclass[31m=[32m"h-4 w-4"[31m
              [33mfill[31m=[32m"currentColor"[31m
              [33mheight[31m=[32m"1em"[31m
              [33mstroke[31m=[32m"currentColor"[31m
              [33mstroke-width[31m=[32m"0"[31m
              [33mviewBox[31m=[32m"0 0 448 512"[31m
              [33mwidth[31m=[32m"1em"[31m
              [33mxmlns[31m=[32m"http://www.w3.org/2000/svg"[31m
            [36m>[31m
              [36m<path[31m
                [33md[31m=[32m"M416 208H272V64c0-17.67-14.33-32-32-32h-32c-17.67 0-32 14.33-32 32v144H32c-17.67 0-32 14.33-32 32v32c0 17.67 14.33 32 32 32h144v144c0 17.67 14.33 32 32 32h32c17.67 0 32-14.33 32-32V304h144c17.67 0 32-14.33 32-32v-32c0-17.67-14.33-32-32-32z"[31m
              [36m/>[31m
            [36m</svg>[31m
            [0mAdd Log[0m
          [36m</button>[31m
        [36m</div>[31m
        [36m<div[31m
          [33mclass[31m=[32m"space-y-4"[31m
        [36m>[31m
          [36m<div[31m
            [33mclass[31m=[32m"relative rounded-lg border border-gray-200 bg-white p-4 shadow-sm transition hover:shadow-md dark:border-gray-700 dark:bg-gray-800"[31m
          [36m>[31m
            [36m<div[31m
              [33mclass[31m=[32m"flex items-start justify-between"[31m
            [36m>[31m
              [36m<div[31m
                [33mclass[31m=[32m"flex-1 pr-10"[31m
              [36m>[31m
                [36m<h3[31m
                  [33mclass[31m=[32m"font-semibold text-gray-900 dark:text-white"[31m
                [36m>[31m
                  [0mOil Change[0m
                [36m</h3>[31m
                [36m<p[31m
                  [33mclass[31m=[32m"mt-1 text-sm text-gray-500 dark:text-gray-400"[31m
                [36m>[31m
                  [0mJan 15, 2024[0m
                [36m</p>[31m
              [36m</div>[31m
            [36m</div>[31m
            [36m<p[31m
              [33mclass[31m=[32m"mt-3 text-sm text-gray-700 dark:text-gray-300 whitespace-pre-wrap"[31m
            [36m>[31m
              [0mChanged oil and filter[0m
            [36m</p>[31m
          [36m</div>[31m
          [36m<div[31m
            [33mclass[31m=[32m"relative rounded-lg border border-gray-200 bg-white p-4 shadow-sm transition hover:shadow-md dark:border-gray-700 dark:bg-gray-800"[31m
          [36m>[31m
            [36m<div[31m
              [33mclass[31m=[32m"flex items-start justify-between"[31m
            [36m>[31m
              [36m<div[31m
                [33mclass[31m=[32m"flex-1 pr-10"[31m
              [36m>[31m
                [36m<h3[31m
                  [33mclass[31m=[32m"font-semibold text-gray-900 dark:text-white"[31m
                [36m>[31m
                  [0mTire Rotation[0m
                [36m</h3>[31m
                [36m<p[31m
                  [33mclass[31m=[32m"mt-1 text-sm text-gray-500 dark:text-gray-400"[31m
                [36m>[31m
                  [0mJan 10, 2024[0m
                [36m</p>[31m
              [36m</div>[31m
            [36m</div>[31m
            [36m<p[31m
              [33mclass[31m=[32m"mt-3 text-sm text-gray-700 dark:text-gray-300 whitespace-pre-wrap"[31m
            [36m>[31m
              [0mRotated all tires[0m
            [36m</p>[31m
          [36m</div>[31m
        [36m</div>[31m
        [36m<div[31m
          [33mclass[31m=[32m"fixed inset-0 z-50 flex items-center justify-center bg-black/50 p-4"[31m
        [36m>[31m
          [36m<div[31m
            [33mclass[31m=[32m"w-full max-w-lg rounded-lg bg-white shadow-xl dark:bg-gray-800"[31m
          [36m>[31m
            [36m<div[31m
              [33mclass[31m=[32m"border-b border-gray-200 px-6 py-4 dark:border-gray-700"[31m
            [36m>[31m
              [36m<h3[31m
                [33mclass[31m=[32m"text-lg font-semibold text-gray-900 dark:text-white"[31m
              [36m>[31m
                [0mAdd Service Log[0m
              [36m</h3>[31m
            [36m</div>[31m
            [36m<form>[31m
              [36m<div[31m
                [33mclass[31m=[32m"space-y-4 p-6"[31m
              [36m>[31m
                [36m<div>[31m
                  [36m<label[31m
                    [33mclass[31m=[32m"block text-sm font-medium text-gray-700 dark:text-gray-300"[31m
                    [33mfor[31m=[32m"log-title"[31m
                  [36m>[31m
                    [0mTitle *[0m
                  [36m</label>[31m
                  [36m<input[31m
                    [33mclass[31m=[32m"mt-1 w-full rounded-lg border border-gray-300 px-3 py-2 text-sm focus:border-[#2f6ea8] focus:outline-none focus:ring-2 focus:ring-[#2f6ea8] dark:border-gray-600 dark:bg-gray-700 dark:text-white"[31m
                    [33mid[31m=[32m"log-title"[31m
                    [33mplaceholder[31m=[32m"e.g., Annual maintenance"[31m
                    [33mrequired[31m=[32m""[31m
                    [33mtype[31m=[32m"text"[31m
                    [33mvalue[31m=[32m""[31m
                  [36m/>[31m
                [36m</div>[31m
                [36m<div>[31m
                  [36m<label[31m
                    [33mclass[31m=[32m"block text-sm font-medium text-gray-700 dark:text-gray-300"[31m
                    [33mfor[31m=[32m"log-date"[31m
                  [36m>[31m
                    [0mDate *[0m
                  [36m</label>[31m
                  [36m<input[31m
                    [33mclass[31m=[32m"mt-1 w-full rounded-lg border border-gray-300 px-3 py-2 text-sm focus:border-[#2f6ea8] focus:outline-none focus:ring-2 focus:ring-[#2f6ea8] dark:border-gray-600 dark:bg-gray-700 dark:text-white"[31m
                    [33mid[31m=[32m"log-date"[31m
                    [33mrequired[31m=[32m""[31m
                    [33mtype[31m=[32m"date"[31m
                    [33mvalue[31m=[32m"2025-12-18"[31m
                  [36m/>[31m
                [36m</div>[31m
                [36m<div>[31m
                  [36m<label[31m
                    [33mclass[31m=[32m"block text-sm font-medium text-gray-700 dark:text-gray-300"[31m
                    [33mfor[31m=[32m"log-body"[31m
                  [36m>[31m
                    [0mNotes[0m
                  [36m</label>[31m
                  [36m<textarea[31m
                    [33mclass[31m=[32m"mt-1 w-full rounded-lg border border-gray-300 px-3 py-2 text-sm focus:border-[#2f6ea8] focus:outline-none focus:ring-2 focus:ring-[#2f6ea8] dark:border-gray-600 dark:bg-gray-700 dark:text-white"[31m
                    [33mid[31m=[32m"log-body"[31m
                    [33mplaceholder[31m=[32m"Detailed notes about the service..."[31m
                    [33mrows[31m=[32m"4"[31m
                  [36m/>[31m
                [36m</div>[31m
              [36m</div>[31m
              [36m<div[31m
                [33mclass[31m=[32m"flex justify-end gap-3 border-t border-gray-200 px-6 py-4 dark:border-gray-700"[31m
              [36m>[31m
                [36m<button[31m
                  [33mclass[31m=[32m"rounded-lg border border-gray-300 px-4 py-2 text-sm font-medium text-gray-700 hover:bg-gray-50 focus:outline-none focus:ring-2 focus:ring-gray-500 disabled:opacity-50 dark:border-gray-600 dark:text-gray-300 dark:hover:bg-gray-700"[31m
                  [33mtype[31m=[32m"button"[31m
                [36m>[31m
                  [0mCancel[0m
                [36m</button>[31m
                [36m<button[31m
                  [33mclass[31m=[32m"inline-flex items-center gap-2 rounded-lg bg-[#2f6ea8] px-4 py-2 text-sm font-semibold text-white hover:brightness-110 focus:outline-none focus:ring-2 focus:ring-[#2f6ea8] disabled:opacity-50"[31m
                  [33mtype[31m=[32m"submit"[31m
                [36m>[31m
                  [0mSave[0m
                [36m</button>[31m
              [36m</div>[31m
            [36m</form>[31m
          [36m</div>[31m
        [36m</div>[31m
      [36m</div>[31m
    [36m</div>[31m
  [36m</body>[31m
[36m</html>[31m[39m
[31m   [31m×[31m LogsTab Component[2m > [22mAdd Log Validation[2m > [22mshould require title before submitting[90m 37[2mms[22m[31m[39m
[31m     → expected "spy" to be called with arguments: [ 'Please enter a title' ][90m

Received: 

[31m[90m

Number of calls: [1m0[22m
[31m[39m
[31m   [31m×[31m LogsTab Component[2m > [22mAdd Log Validation[2m > [22mshould allow submission with only title (body optional)[90m 27[2mms[22m[31m[39m
[31m     → Unable to find an element with the text: Save. This could be because the text is broken up by multiple elements. In this case, you can provide a function for your text matcher to make your matcher more flexible.

Ignored nodes: comments, script, style
[36m<body>[31m
  [36m<div>[31m
    [36m<div[31m
      [33mclass[31m=[32m"flex items-center justify-center py-12"[31m
    [36m>[31m
      [36m<span[31m
        [33mclass[31m=[32m"loading loading-spinner loading-lg text-[#2f6ea8]"[31m
      [36m/>[31m
    [36m</div>[31m
  [36m</div>[31m
[36m</body>[31m[39m
[31m   [31m×[31m LogsTab Component[2m > [22mAdd Log Validation[2m > [22mshould trim whitespace from title before validating[90m 39[2mms[22m[31m[39m
[31m     → Unable to find an element with the text: Save. This could be because the text is broken up by multiple elements. In this case, you can provide a function for your text matcher to make your matcher more flexible.

Ignored nodes: comments, script, style
[36m<body>[31m
  [36m<div>[31m
    [36m<div[31m
      [33mclass[31m=[32m"flex items-center justify-center py-12"[31m
    [36m>[31m
      [36m<span[31m
        [33mclass[31m=[32m"loading loading-spinner loading-lg text-[#2f6ea8]"[31m
      [36m/>[31m
    [36m</div>[31m
  [36m</div>[31m
[36m</body>[31m[39m
[31m   [31m×[31m LogsTab Component[2m > [22mAdd Log Submission[2m > [22mshould submit log with correct data[90m 43[2mms[22m[31m[39m
[31m     → Unable to find an element with the text: Save. This could be because the text is broken up by multiple elements. In this case, you can provide a function for your text matcher to make your matcher more flexible.

Ignored nodes: comments, script, style
[36m<body>[31m
  [36m<div>[31m
    [36m<div[31m
      [33mclass[31m=[32m"flex items-center justify-center py-12"[31m
    [36m>[31m
      [36m<span[31m
        [33mclass[31m=[32m"loading loading-spinner loading-lg text-[#2f6ea8]"[31m
      [36m/>[31m
    [36m</div>[31m
  [36m</div>[31m
[36m</body>[31m[39m
[31m   [31m×[31m LogsTab Component[2m > [22mAdd Log Submission[2m > [22mshould close modal after successful submission[90m 37[2mms[22m[31m[39m
[31m     → Unable to find an element with the text: Save. This could be because the text is broken up by multiple elements. In this case, you can provide a function for your text matcher to make your matcher more flexible.

Ignored nodes: comments, script, style
[36m<body>[31m
  [36m<div>[31m
    [36m<div[31m
      [33mclass[31m=[32m"flex items-center justify-center py-12"[31m
    [36m>[31m
      [36m<span[31m
        [33mclass[31m=[32m"loading loading-spinner loading-lg text-[#2f6ea8]"[31m
      [36m/>[31m
    [36m</div>[31m
  [36m</div>[31m
[36m</body>[31m[39m
[31m   [31m×[31m LogsTab Component[2m > [22mAdd Log Submission[2m > [22mshould reset form after successful submission[90m 33[2mms[22m[31m[39m
[31m     → Unable to find an element with the text: Save. This could be because the text is broken up by multiple elements. In this case, you can provide a function for your text matcher to make your matcher more flexible.

Ignored nodes: comments, script, style
[36m<body>[31m
  [36m<div>[31m
    [36m<div[31m
      [33mclass[31m=[32m"flex items-center justify-center py-12"[31m
    [36m>[31m
      [36m<span[31m
        [33mclass[31m=[32m"loading loading-spinner loading-lg text-[#2f6ea8]"[31m
      [36m/>[31m
    [36m</div>[31m
  [36m</div>[31m
[36m</body>[31m[39m
[31m   [31m×[31m LogsTab Component[2m > [22mAdd Log Submission[2m > [22mshould refresh logs after successful submission[90m 29[2mms[22m[31m[39m
[31m     → Unable to find an element with the text: Save. This could be because the text is broken up by multiple elements. In this case, you can provide a function for your text matcher to make your matcher more flexible.

Ignored nodes: comments, script, style
[36m<body>[31m
  [36m<div>[31m
    [36m<div[31m
      [33mclass[31m=[32m"flex items-center justify-center py-12"[31m
    [36m>[31m
      [36m<span[31m
        [33mclass[31m=[32m"loading loading-spinner loading-lg text-[#2f6ea8]"[31m
      [36m/>[31m
    [36m</div>[31m
  [36m</div>[31m
[36m</body>[31m[39m
[31m   [31m×[31m LogsTab Component[2m > [22mAdd Log Submission[2m > [22mshould handle submission errors gracefully[90m 31[2mms[22m[31m[39m
[31m     → Unable to find an element with the text: Save. This could be because the text is broken up by multiple elements. In this case, you can provide a function for your text matcher to make your matcher more flexible.

Ignored nodes: comments, script, style
[36m<body>[31m
  [36m<div>[31m
    [36m<div[31m
      [33mclass[31m=[32m"flex items-center justify-center py-12"[31m
    [36m>[31m
      [36m<span[31m
        [33mclass[31m=[32m"loading loading-spinner loading-lg text-[#2f6ea8]"[31m
      [36m/>[31m
    [36m</div>[31m
  [36m</div>[31m
[36m</body>[31m[39m
[31m   [31m×[31m LogsTab Component[2m > [22mAdd Log Submission[2m > [22mshould not close modal when submission fails[90m 34[2mms[22m[31m[39m
[31m     → Unable to find an element with the text: Save. This could be because the text is broken up by multiple elements. In this case, you can provide a function for your text matcher to make your matcher more flexible.

Ignored nodes: comments, script, style
[36m<body>[31m
  [36m<div>[31m
    [36m<div[31m
      [33mclass[31m=[32m"flex items-center justify-center py-12"[31m
    [36m>[31m
      [36m<span[31m
        [33mclass[31m=[32m"loading loading-spinner loading-lg text-[#2f6ea8]"[31m
      [36m/>[31m
    [36m</div>[31m
  [36m</div>[31m
[36m</body>[31m[39m
[31m   [31m×[31m LogsTab Component[2m > [22mDelete Log[2m > [22mshould refresh logs after successful deletion[33m 1024[2mms[22m[31m[39m
[31m     → expected "spy" to be called at least once

Ignored nodes: comments, script, style
[36m<html>[31m
  [36m<head />[31m
  [36m<body>[31m
    [36m<div>[31m
      [36m<div>[31m
        [36m<div[31m
          [33mclass[31m=[32m"mb-6 flex items-center justify-between"[31m
        [36m>[31m
          [36m<h2[31m
            [33mclass[31m=[32m"text-xl font-semibold text-gray-900 dark:text-white"[31m
          [36m>[31m
            [0mService Logs[0m
          [36m</h2>[31m
          [36m<button[31m
            [33mclass[31m=[32m"inline-flex items-center gap-2 rounded-lg bg-[#2f6ea8] px-4 py-2 text-sm font-semibold text-white shadow-sm hover:brightness-110 focus:outline-none focus:ring-2 focus:ring-[#2f6ea8] transition-colors"[31m
            [33mtype[31m=[32m"button"[31m
          [36m>[31m
            [36m<svg[31m
              [33mclass[31m=[32m"h-4 w-4"[31m
              [33mfill[31m=[32m"currentColor"[31m
              [33mheight[31m=[32m"1em"[31m
              [33mstroke[31m=[32m"currentColor"[31m
              [33mstroke-width[31m=[32m"0"[31m
              [33mviewBox[31m=[32m"0 0 448 512"[31m
              [33mwidth[31m=[32m"1em"[31m
              [33mxmlns[31m=[32m"http://www.w3.org/2000/svg"[31m
            [36m>[31m
              [36m<path[31m
                [33md[31m=[32m"M416 208H272V64c0-17.67-14.33-32-32-32h-32c-17.67 0-32 14.33-32 32v144H32c-17.67 0-32 14.33-32 32v32c0 17.67 14.33 32 32 32h144v144c0 17.67 14.33 32 32 32h32c17.67 0 32-14.33 32-32V304h144c17.67 0 32-14.33 32-32v-32c0-17.67-14.33-32-32-32z"[31m
              [36m/>[31m
            [36m</svg>[31m
            [0mAdd Log[0m
          [36m</button>[31m
        [36m</div>[31m
        [36m<div[31m
          [33mclass[31m=[32m"space-y-4"[31m
        [36m>[31m
          [36m<div[31m
            [33mclass[31m=[32m"relative rounded-lg border border-gray-200 bg-white p-4 shadow-sm transition hover:shadow-md dark:border-gray-700 dark:bg-gray-800"[31m
          [36m>[31m
            [36m<button[31m
              [33maria-label[31m=[32m"Delete log"[31m
              [33mclass[31m=[32m"absolute top-2 right-2 rounded-lg bg-red-600 p-2 text-white shadow hover:brightness-110 focus:outline-none focus:ring-2 focus:ring-red-600"[31m
              [33mtype[31m=[32m"button"[31m
            [36m>[31m
              [36m<svg[31m
                [33mclass[31m=[32m"h-4 w-4"[31m
                [33mfill[31m=[32m"currentColor"[31m
                [33mheight[31m=[32m"1em"[31m
                [33mstroke[31m=[32m"currentColor"[31m
                [33mstroke-width[31m=[32m"0"[31m
                [33mviewBox[31m=[32m"0 0 448 512"[31m
                [33mwidth[31m=[32m"1em"[31m
                [33mxmlns[31m=[32m"http://www.w3.org/2000/svg"[31m
              [36m>[31m
                [36m<path[31m
                  [33md[31m=[32m"M432 32H312l-9.4-18.7A24 24 0 0 0 281.1 0H166.8a23.72 23.72 0 0 0-21.4 13.3L136 32H16A16 16 0 0 0 0 48v32a16 16 0 0 0 16 16h416a16 16 0 0 0 16-16V48a16 16 0 0 0-16-16zM53.2 467a48 48 0 0 0 47.9 45h245.8a48 48 0 0 0 47.9-45L416 128H32z"[31m
                [36m/>[31m
              [36m</svg>[31m
            [36m</button>[31m
            [36m<div[31m
              [33mclass[31m=[32m"flex items-start justify-between"[31m
            [36m>[31m
              [36m<div[31m
                [33mclass[31m=[32m"flex-1 pr-10"[31m
              [36m>[31m
                [36m<h3[31m
                  [33mclass[31m=[32m"font-semibold text-gray-900 dark:text-white"[31m
                [36m>[31m
                  [0mOil Change[0m
                [36m</h3>[31m
                [36m<p[31m
                  [33mclass[31m=[32m"mt-1 text-sm text-gray-500 dark:text-gray-400"[31m
                [36m>[31m
                  [0mJan 15, 2024[0m
                [36m</p>[31m
              [36m</div>[31m
            [36m</div>[31m
            [36m<p[31m
              [33mclass[31m=[32m"mt-3 text-sm text-gray-700 dark:text-gray-300 whitespace-pre-wrap"[31m
            [36m>[31m
              [0mChanged oil and filter[0m
            [36m</p>[31m
          [36m</div>[31m
          [36m<div[31m
            [33mclass[31m=[32m"relative rounded-lg border border-gray-200 bg-white p-4 shadow-sm transition hover:shadow-md dark:border-gray-700 dark:bg-gray-800"[31m
          [36m>[31m
            [36m<button[31m
              [33maria-label[31m=[32m"Delete log"[31m
              [33mclass[31m=[32m"absolute top-2 right-2 rounded-lg bg-red-600 p-2 text-white shadow hover:brightness-110 focus:outline-none focus:ring-2 focus:ring-red-600"[31m
              [33mtype[31m=[32m"button"[31m
            [36m>[31m
              [36m<svg[31m
                [33mclass[31m=[32m"h-4 w-4"[31m
                [33mfill[31m=[32m"currentColor"[31m
                [33mheight[31m=[32m"1em"[31m
                [33mstroke[31m=[32m"currentColor"[31m
                [33mstroke-width[31m=[32m"0"[31m
                [33mviewBox[31m=[32m"0 0 448 512"[31m
                [33mwidth[31m=[32m"1em"[31m
                [33mxmlns[31m=[32m"http://www.w3.org/2000/svg"[31m
              [36m>[31m
                [36m<path[31m
                  [33md[31m=[32m"M432 32H312l-9.4-18.7A24 24 0 0 0 281.1 0H166.8a23.72 23.72 0 0 0-21.4 13.3L136 32H16A16 16 0 0 0 0 48v32a16 16 0 0 0 16 16h416a16 16 0 0 0 16-16V48a16 16 0 0 0-16-16zM53.2 467a48 48 0 0 0 47.9 45h245.8a48 48 0 0 0 47.9-45L416 128H32z"[31m
                [36m/>[31m
              [36m</svg>[31m
            [36m</button>[31m
            [36m<div[31m
              [33mclass[31m=[32m"flex items-start justify-between"[31m
            [36m>[31m
              [36m<div[31m
                [33mclass[31m=[32m"flex-1 pr-10"[31m
              [36m>[31m
                [36m<h3[31m
                  [33mclass[31m=[32m"font-semibold text-gray-900 dark:text-white"[31m
                [36m>[31m
                  [0mTire Rotation[0m
                [36m</h3>[31m
                [36m<p[31m
                  [33mclass[31m=[32m"mt-1 text-sm text-gray-500 dark:text-gray-400"[31m
                [36m>[31m
                  [0mJan 10, 2024[0m
                [36m</p>[31m
              [36m</div>[31m
            [36m</div>[31m
            [36m<p[31m
              [33mclass[31m=[32m"mt-3 text-sm text-gray-700 dark:text-gray-300 whitespace-pre-wrap"[31m
            [36m>[31m
              [0mRotated all tires[0m
            [36m</p>[31m
          [36m</div>[31m
        [36m</div>[31m
      [36m</div>[31m
    [36m</div>[31m
  [36m</body>[31m
[36m</html>[31m[39m
[31m   [31m×[31m LogsTab Component[2m > [22mLoad More Pagination[2m > [22mshould fetch next page when "Load More" is clicked[90m 13[2mms[22m[31m[39m
[31m     → Unable to find an element with the text: Load More. This could be because the text is broken up by multiple elements. In this case, you can provide a function for your text matcher to make your matcher more flexible.

Ignored nodes: comments, script, style
[36m<body>[31m
  [36m<div>[31m
    [36m<div>[31m
      [36m<div[31m
        [33mclass[31m=[32m"mb-6 flex items-center justify-between"[31m
      [36m>[31m
        [36m<h2[31m
          [33mclass[31m=[32m"text-xl font-semibold text-gray-900 dark:text-white"[31m
        [36m>[31m
          [0mService Logs[0m
        [36m</h2>[31m
        [36m<button[31m
          [33mclass[31m=[32m"inline-flex items-center gap-2 rounded-lg bg-[#2f6ea8] px-4 py-2 text-sm font-semibold text-white shadow-sm hover:brightness-110 focus:outline-none focus:ring-2 focus:ring-[#2f6ea8] transition-colors"[31m
          [33mtype[31m=[32m"button"[31m
        [36m>[31m
          [36m<svg[31m
            [33mclass[31m=[32m"h-4 w-4"[31m
            [33mfill[31m=[32m"currentColor"[31m
            [33mheight[31m=[32m"1em"[31m
            [33mstroke[31m=[32m"currentColor"[31m
            [33mstroke-width[31m=[32m"0"[31m
            [33mviewBox[31m=[32m"0 0 448 512"[31m
            [33mwidth[31m=[32m"1em"[31m
            [33mxmlns[31m=[32m"http://www.w3.org/2000/svg"[31m
          [36m>[31m
            [36m<path[31m
              [33md[31m=[32m"M416 208H272V64c0-17.67-14.33-32-32-32h-32c-17.67 0-32 14.33-32 32v144H32c-17.67 0-32 14.33-32 32v32c0 17.67 14.33 32 32 32h144v144c0 17.67 14.33 32 32 32h32c17.67 0 32-14.33 32-32V304h144c17.67 0 32-14.33 32-32v-32c0-17.67-14.33-32-32-32z"[31m
            [36m/>[31m
          [36m</svg>[31m
          [0mAdd Log[0m
        [36m</button>[31m
      [36m</div>[31m
      [36m<div[31m
        [33mclass[31m=[32m"space-y-4"[31m
      [36m>[31m
        [36m<div[31m
          [33mclass[31m=[32m"relative rounded-lg border border-gray-200 bg-white p-4 shadow-sm transition hover:shadow-md dark:border-gray-700 dark:bg-gray-800"[31m
        [36m>[31m
          [36m<div[31m
            [33mclass[31m=[32m"flex items-start justify-between"[31m
          [36m>[31m
            [36m<div[31m
              [33mclass[31m=[32m"flex-1 pr-10"[31m
            [36m>[31m
              [36m<h3[31m
                [33mclass[31m=[32m"font-semibold text-gray-900 dark:text-white"[31m
              [36m>[31m
                [0mOil Change[0m
              [36m</h3>[31m
              [36m<p[31m
                [33mclass[31m=[32m"mt-1 text-sm text-gray-500 dark:text-gray-400"[31m
              [36m>[31m
                [0mJan 15, 2024[0m
              [36m</p>[31m
            [36m</div>[31m
          [36m</div>[31m
          [36m<p[31m
            [33mclass[31m=[32m"mt-3 text-sm text-gray-700 dark:text-gray-300 whitespace-pre-wrap"[31m
          [36m>[31m
            [0mChanged oil and filter[0m
          [36m</p>[31m
        [36m</div>[31m
        [36m<div[31m
          [33mclass[31m=[32m"relative rounded-lg border border-gray-200 bg-white p-4 shadow-sm transition hover:shadow-md dark:border-gray-700 dark:bg-gray-800"[31m
        [36m>[31m
          [36m<div[31m
            [33mclass[31m=[32m"flex items-start justify-between"[31m
          [36m>[31m
            [36m<div[31m
              [33mclass[31m=[32m"flex-1 pr-10"[31m
            [36m>[31m
              [36m<h3[31m
                [33mclass[31m=[32m"font-semibold text-gray-900 dark:text-white"[31m
              [36m>[31m
                [0mTire Rotation[0m
              [36m</h3>[31m
              [36m<p[31m
                [33mclass[31m=[32m"mt-1 text-sm text-gray-500 dark:text-gray-400"[31m
              [36m>[31m
                [0mJan 10, 2024[0m
              [36m</p>[31m
            [36m</div>[31m
          [36m</div>[31m
          [36m<p[31m
            [33mclass[31m=[32m"mt-3 text-sm text-gray-700 dark:text-gray-300 whitespace-pre-wrap"[31m
          [36m>[31m
            [0mRotated all tires[0m
          [36m</p>[31m
        [36m</div>[31m
      [36m</div>[31m
    [36m</div>[31m
  [36m</div>[31m
[36m</body>[31m[39m
[31m   [31m×[31m LogsTab Component[2m > [22mLoad More Pagination[2m > [22mshould show loading state while loading more[33m 1029[2mms[22m[31m[39m
[31m     → Unable to find an element with the text: Loading.... This could be because the text is broken up by multiple elements. In this case, you can provide a function for your text matcher to make your matcher more flexible.

Ignored nodes: comments, script, style
[36m<body>[31m
  [36m<div>[31m
    [36m<div[31m
      [33mclass[31m=[32m"flex items-center justify-center py-12"[31m
    [36m>[31m
      [36m<span[31m
        [33mclass[31m=[32m"loading loading-spinner loading-lg text-[#2f6ea8]"[31m
      [36m/>[31m
    [36m</div>[31m
  [36m</div>[31m
[36m</body>[31m

Ignored nodes: comments, script, style
[36m<html>[31m
  [36m<head />[31m
  [36m<body>[31m
    [36m<div>[31m
      [36m<div[31m
        [33mclass[31m=[32m"flex items-center justify-center py-12"[31m
      [36m>[31m
        [36m<span[31m
          [33mclass[31m=[32m"loading loading-spinner loading-lg text-[#2f6ea8]"[31m
        [36m/>[31m
      [36m</div>[31m
    [36m</div>[31m
  [36m</body>[31m
[36m</html>[31m[39m
[31m   [31m×[31m LogsTab Component[2m > [22mLoad More Pagination[2m > [22mshould append new logs to existing list[33m 1035[2mms[22m[31m[39m
[31m     → Unable to find an element with the text: Service 10. This could be because the text is broken up by multiple elements. In this case, you can provide a function for your text matcher to make your matcher more flexible.

Ignored nodes: comments, script, style
[36m<body>[31m
  [36m<div>[31m
    [36m<div>[31m
      [36m<div[31m
        [33mclass[31m=[32m"mb-6 flex items-center justify-between"[31m
      [36m>[31m
        [36m<h2[31m
          [33mclass[31m=[32m"text-xl font-semibold text-gray-900 dark:text-white"[31m
        [36m>[31m
          [0mService Logs[0m
        [36m</h2>[31m
        [36m<button[31m
          [33mclass[31m=[32m"inline-flex items-center gap-2 rounded-lg bg-[#2f6ea8] px-4 py-2 text-sm font-semibold text-white shadow-sm hover:brightness-110 focus:outline-none focus:ring-2 focus:ring-[#2f6ea8] transition-colors"[31m
          [33mtype[31m=[32m"button"[31m
        [36m>[31m
          [36m<svg[31m
            [33mclass[31m=[32m"h-4 w-4"[31m
            [33mfill[31m=[32m"currentColor"[31m
            [33mheight[31m=[32m"1em"[31m
            [33mstroke[31m=[32m"currentColor"[31m
            [33mstroke-width[31m=[32m"0"[31m
            [33mviewBox[31m=[32m"0 0 448 512"[31m
            [33mwidth[31m=[32m"1em"[31m
            [33mxmlns[31m=[32m"http://www.w3.org/2000/svg"[31m
          [36m>[31m
            [36m<path[31m
              [33md[31m=[32m"M416 208H272V64c0-17.67-14.33-32-32-32h-32c-17.67 0-32 14.33-32 32v144H32c-17.67 0-32 14.33-32 32v32c0 17.67 14.33 32 32 32h144v144c0 17.67 14.33 32 32 32h32c17.67 0 32-14.33 32-32V304h144c17.67 0 32-14.33 32-32v-32c0-17.67-14.33-32-32-32z"[31m
            [36m/>[31m
          [36m</svg>[31m
          [0mAdd Log[0m
        [36m</button>[31m
      [36m</div>[31m
      [36m<div[31m
        [33mclass[31m=[32m"space-y-4"[31m
      [36m>[31m
        [36m<div[31m
          [33mclass[31m=[32m"relative rounded-lg border border-gray-200 bg-white p-4 shadow-sm transition hover:shadow-md dark:border-gray-700 dark:bg-gray-800"[31m
        [36m>[31m
          [36m<div[31m
            [33mclass[31m=[32m"flex items-start justify-between"[31m
          [36m>[31m
            [36m<div[31m
              [33mclass[31m=[32m"flex-1 pr-10"[31m
            [36m>[31m
              [36m<h3[31m
                [33mclass[31m=[32m"font-semibold text-gray-900 dark:text-white"[31m
              [36m>[31m
                [0mOil Change[0m
              [36m</h3>[31m
              [36m<p[31m
                [33mclass[31m=[32m"mt-1 text-sm text-gray-500 dark:text-gray-400"[31m
              [36m>[31m
                [0mJan 15, 2024[0m
              [36m</p>[31m
            [36m</div>[31m
          [36m</div>[31m
          [36m<p[31m
            [33mclass[31m=[32m"mt-3 text-sm text-gray-700 dark:text-gray-300 whitespace-pre-wrap"[31m
          [36m>[31m
            [0mChanged oil and filter[0m
          [36m</p>[31m
        [36m</div>[31m
        [36m<div[31m
          [33mclass[31m=[32m"relative rounded-lg border border-gray-200 bg-white p-4 shadow-sm transition hover:shadow-md dark:border-gray-700 dark:bg-gray-800"[31m
        [36m>[31m
          [36m<div[31m
            [33mclass[31m=[32m"flex items-start justify-between"[31m
          [36m>[31m
            [36m<div[31m
              [33mclass[31m=[32m"flex-1 pr-10"[31m
            [36m>[31m
              [36m<h3[31m
                [33mclass[31m=[32m"font-semibold text-gray-900 dark:text-white"[31m
              [36m>[31m
                [0mTire Rotation[0m
              [36m</h3>[31m
              [36m<p[31m
                [33mclass[31m=[32m"mt-1 text-sm text-gray-500 dark:text-gray-400"[31m
              [36m>[31m
                [0mJan 10, 2024[0m
              [36m</p>[31m
            [36m</div>[31m
          [36m</div>[31m
          [36m<p[31m
            [33mclass[31m=[32m"mt-3 text-sm text-gray-700 dark:text-gray-300 whitespace-pre-wrap"[31m
          [36m>[31m
            [0mRotated all tires[0m
          [36m</p>[31m
        [36m</div>[31m
      [36m</div>[31m
    [36m</div>[31m
  [36m</div>[31m
[36m</body>[31m

Ignored nodes: comments, script, style
[36m<html>[31m
  [36m<head />[31m
  [36m<body>[31m
    [36m<div>[31m
      [36m<div>[31m
        [36m<div[31m
          [33mclass[31m=[32m"mb-6 flex items-center justify-between"[31m
        [36m>[31m
          [36m<h2[31m
            [33mclass[31m=[32m"text-xl font-semibold text-gray-900 dark:text-white"[31m
          [36m>[31m
            [0mService Logs[0m
          [36m</h2>[31m
          [36m<button[31m
            [33mclass[31m=[32m"inline-flex items-center gap-2 rounded-lg bg-[#2f6ea8] px-4 py-2 text-sm font-semibold text-white shadow-sm hover:brightness-110 focus:outline-none focus:ring-2 focus:ring-[#2f6ea8] transition-colors"[31m
            [33mtype[31m=[32m"button"[31m
          [36m>[31m
            [36m<svg[31m
              [33mclass[31m=[32m"h-4 w-4"[31m
              [33mfill[31m=[32m"currentColor"[31m
              [33mheight[31m=[32m"1em"[31m
              [33mstroke[31m=[32m"currentColor"[31m
              [33mstroke-width[31m=[32m"0"[31m
              [33mviewBox[31m=[32m"0 0 448 512"[31m
              [33mwidth[31m=[32m"1em"[31m
              [33mxmlns[31m=[32m"http://www.w3.org/2000/svg"[31m
            [36m>[31m
              [36m<path[31m
                [33md[31m=[32m"M416 208H272V64c0-17.67-14.33-32-32-32h-32c-17.67 0-32 14.33-32 32v144H32c-17.67 0-32 14.33-32 32v32c0 17.67 14.33 32 32 32h144v144c0 17.67 14.33 32 32 32h32c17.67 0 32-14.33 32-32V304h144c17.67 0 32-14.33 32-32v-32c0-17.67-14.33-32-32-32z"[31m
              [36m/>[31m
            [36m</svg>[31m
            [0mAdd Log[0m
          [36m</button>[31m
        [36m</div>[31m
        [36m<div[31m
          [33mclass[31m=[32m"space-y-4"[31m
        [36m>[31m
          [36m<div[31m
            [33mclass[31m=[32m"relative rounded-lg border border-gray-200 bg-white p-4 shadow-sm transition hover:shadow-md dark:border-gray-700 dark:bg-gray-800"[31m
          [36m>[31m
            [36m<div[31m
              [33mclass[31m=[32m"flex items-start justify-between"[31m
            [36m>[31m
              [36m<div[31m
                [33mclass[31m=[32m"flex-1 pr-10"[31m
              [36m>[31m
                [36m<h3[31m
                  [33mclass[31m=[32m"font-semibold text-gray-900 dark:text-white"[31m
                [36m>[31m
                  [0mOil Change[0m
                [36m</h3>[31m
                [36m<p[31m
                  [33mclass[31m=[32m"mt-1 text-sm text-gray-500 dark:text-gray-400"[31m
                [36m>[31m
                  [0mJan 15, 2024[0m
                [36m</p>[31m
              [36m</div>[31m
            [36m</div>[31m
            [36m<p[31m
              [33mclass[31m=[32m"mt-3 text-sm text-gray-700 dark:text-gray-300 whitespace-pre-wrap"[31m
            [36m>[31m
              [0mChanged oil and filter[0m
            [36m</p>[31m
          [36m</div>[31m
          [36m<div[31m
            [33mclass[31m=[32m"relative rounded-lg border border-gray-200 bg-white p-4 shadow-sm transition hover:shadow-md dark:border-gray-700 dark:bg-gray-800"[31m
          [36m>[31m
            [36m<div[31m
              [33mclass[31m=[32m"flex items-start justify-between"[31m
            [36m>[31m
              [36m<div[31m
                [33mclass[31m=[32m"flex-1 pr-10"[31m
              [36m>[31m
                [36m<h3[31m
                  [33mclass[31m=[32m"font-semibold text-gray-900 dark:text-white"[31m
                [36m>[31m
                  [0mTire Rotation[0m
                [36m</h3>[31m
                [36m<p[31m
                  [33mclass[31m=[32m"mt-1 text-sm text-gray-500 dark:text-gray-400"[31m
                [36m>[31m
                  [0mJan 10, 2024[0m
                [36m</p>[31m
              [36m</div>[31m
            [36m</div>[31m
            [36m<p[31m
              [33mclass[31m=[32m"mt-3 text-sm text-gray-700 dark:text-gray-300 whitespace-pre-wrap"[31m
            [36m>[31m
              [0mRotated all tires[0m
            [36m</p>[31m
          [36m</div>[31m
        [36m</div>[31m
      [36m</div>[31m
    [36m</div>[31m
  [36m</body>[31m
[36m</html>[31m[39m

[31m⎯⎯⎯⎯⎯⎯[1m[7m Failed Tests 15 [27m[22m⎯⎯⎯⎯⎯⎯⎯[39m

[31m[1m[7m FAIL [27m[22m[39m src/tests/unit/LogsTab.test.tsx[2m > [22mLogsTab Component[2m > [22mAdd Log Modal[2m > [22mshould update date field when user changes it
[31m[1mTestingLibraryElementError[22m[39m: Unable to find a label with the text of: Date

Ignored nodes: comments, script, style
[36m<body>[39m
  [36m<div>[39m
    [36m<div>[39m
      [36m<div[39m
        [33mclass[39m=[32m"mb-6 flex items-center justify-between"[39m
      [36m>[39m
        [36m<h2[39m
          [33mclass[39m=[32m"text-xl font-semibold text-gray-900 dark:text-white"[39m
        [36m>[39m
          [0mService Logs[0m
        [36m</h2>[39m
        [36m<button[39m
          [33mclass[39m=[32m"inline-flex items-center gap-2 rounded-lg bg-[#2f6ea8] px-4 py-2 text-sm font-semibold text-white shadow-sm hover:brightness-110 focus:outline-none focus:ring-2 focus:ring-[#2f6ea8] transition-colors"[39m
          [33mtype[39m=[32m"button"[39m
        [36m>[39m
          [36m<svg[39m
            [33mclass[39m=[32m"h-4 w-4"[39m
            [33mfill[39m=[32m"currentColor"[39m
            [33mheight[39m=[32m"1em"[39m
            [33mstroke[39m=[32m"currentColor"[39m
            [33mstroke-width[39m=[32m"0"[39m
            [33mviewBox[39m=[32m"0 0 448 512"[39m
            [33mwidth[39m=[32m"1em"[39m
            [33mxmlns[39m=[32m"http://www.w3.org/2000/svg"[39m
          [36m>[39m
            [36m<path[39m
              [33md[39m=[32m"M416 208H272V64c0-17.67-14.33-32-32-32h-32c-17.67 0-32 14.33-32 32v144H32c-17.67 0-32 14.33-32 32v32c0 17.67 14.33 32 32 32h144v144c0 17.67 14.33 32 32 32h32c17.67 0 32-14.33 32-32V304h144c17.67 0 32-14.33 32-32v-32c0-17.67-14.33-32-32-32z"[39m
            [36m/>[39m
          [36m</svg>[39m
          [0mAdd Log[0m
        [36m</button>[39m
      [36m</div>[39m
      [36m<div[39m
        [33mclass[39m=[32m"space-y-4"[39m
      [36m>[39m
        [36m<div[39m
          [33mclass[39m=[32m"relative rounded-lg border border-gray-200 bg-white p-4 shadow-sm transition hover:shadow-md dark:border-gray-700 dark:bg-gray-800"[39m
        [36m>[39m
          [36m<div[39m
            [33mclass[39m=[32m"flex items-start justify-between"[39m
          [36m>[39m
            [36m<div[39m
              [33mclass[39m=[32m"flex-1 pr-10"[39m
            [36m>[39m
              [36m<h3[39m
                [33mclass[39m=[32m"font-semibold text-gray-900 dark:text-white"[39m
              [36m>[39m
                [0mOil Change[0m
              [36m</h3>[39m
              [36m<p[39m
                [33mclass[39m=[32m"mt-1 text-sm text-gray-500 dark:text-gray-400"[39m
              [36m>[39m
                [0mJan 15, 2024[0m
              [36m</p>[39m
            [36m</div>[39m
          [36m</div>[39m
          [36m<p[39m
            [33mclass[39m=[32m"mt-3 text-sm text-gray-700 dark:text-gray-300 whitespace-pre-wrap"[39m
          [36m>[39m
            [0mChanged oil and filter[0m
          [36m</p>[39m
        [36m</div>[39m
        [36m<div[39m
          [33mclass[39m=[32m"relative rounded-lg border border-gray-200 bg-white p-4 shadow-sm transition hover:shadow-md dark:border-gray-700 dark:bg-gray-800"[39m
        [36m>[39m
          [36m<div[39m
            [33mclass[39m=[32m"flex items-start justify-between"[39m
          [36m>[39m
            [36m<div[39m
              [33mclass[39m=[32m"flex-1 pr-10"[39m
            [36m>[39m
              [36m<h3[39m
                [33mclass[39m=[32m"font-semibold text-gray-900 dark:text-white"[39m
              [36m>[39m
                [0mTire Rotation[0m
              [36m</h3>[39m
              [36m<p[39m
                [33mclass[39m=[32m"mt-1 text-sm text-gray-500 dark:text-gray-400"[39m
              [36m>[39m
                [0mJan 10, 2024[0m
              [36m</p>[39m
            [36m</div>[39m
          [36m</div>[39m
          [36m<p[39m
            [33mclass[39m=[32m"mt-3 text-sm text-gray-700 dark:text-gray-300 whitespace-pre-wrap"[39m
          [36m>[39m
            [0mRotated all tires[0m
          [36m</p>[39m
        [36m</div>[39m
      [36m</div>[39m
      [36m<div[39m
        [33mclass[39m=[32m"fixed inset-0 z-50 flex items-center justify-center bg-black/50 p-4"[39m
      [36m>[39m
        [36m<div[39m
          [33mclass[39m=[32m"w-full max-w-lg rounded-lg bg-white shadow-xl dark:bg-gray-800"[39m
        [36m>[39m
          [36m<div[39m
            [33mclass[39m=[32m"border-b border-gray-200 px-6 py-4 dark:border-gray-700"[39m
          [36m>[39m
            [36m<h3[39m
              [33mclass[39m=[32m"text-lg font-semibold text-gray-900 dark:text-white"[39m
            [36m>[39m
              [0mAdd Service Log[0m
            [36m</h3>[39m
          [36m</div>[39m
          [36m<form>[39m
            [36m<div[39m
              [33mclass[39m=[32m"space-y-4 p-6"[39m
            [36m>[39m
              [36m<div>[39m
                [36m<label[39m
                  [33mclass[39m=[32m"block text-sm font-medium text-gray-700 dark:text-gray-300"[39m
                  [33mfor[39m=[32m"log-title"[39m
                [36m>[39m
                  [0mTitle *[0m
                [36m</label>[39m
                [36m<input[39m
                  [33mclass[39m=[32m"mt-1 w-full rounded-lg border border-gray-300 px-3 py-2 text-sm focus:border-[#2f6ea8] focus:outline-none focus:ring-2 focus:ring-[#2f6ea8] dark:border-gray-600 dark:bg-gray-700 dark:text-white"[39m
                  [33mid[39m=[32m"log-title"[39m
                  [33mplaceholder[39m=[32m"e.g., Annual maintenance"[39m
                  [33mrequired[39m=[32m""[39m
                  [33mtype[39m=[32m"text"[39m
                  [33mvalue[39m=[32m""[39m
                [36m/>[39m
              [36m</div>[39m
              [36m<div>[39m
                [36m<label[39m
                  [33mclass[39m=[32m"block text-sm font-medium text-gray-700 dark:text-gray-300"[39m
                  [33mfor[39m=[32m"log-date"[39m
                [36m>[39m
                  [0mDate *[0m
                [36m</label>[39m
                [36m<input[39m
                  [33mclass[39m=[32m"mt-1 w-full rounded-lg border border-gray-300 px-3 py-2 text-sm focus:border-[#2f6ea8] focus:outline-none focus:ring-2 focus:ring-[#2f6ea8] dark:border-gray-600 dark:bg-gray-700 dark:text-white"[39m
                  [33mid[39m=[32m"log-date"[39m
                  [33mrequired[39m=[32m""[39m
                  [33mtype[39m=[32m"date"[39m
                  [33mvalue[39m=[32m"2025-12-18"[39m
                [36m/>[39m
              [36m</div>[39m
              [36m<div>[39m
                [36m<label[39m
                  [33mclass[39m=[32m"block text-sm font-medium text-gray-700 dark:text-gray-300"[39m
                  [33mfor[39m=[32m"log-body"[39m
                [36m>[39m
                  [0mNotes[0m
                [36m</label>[39m
                [36m<textarea[39m
                  [33mclass[39m=[32m"mt-1 w-full rounded-lg border border-gray-300 px-3 py-2 text-sm focus:border-[#2f6ea8] focus:outline-none focus:ring-2 focus:ring-[#2f6ea8] dark:border-gray-600 dark:bg-gray-700 dark:text-white"[39m
                  [33mid[39m=[32m"log-body"[39m
                  [33mplaceholder[39m=[32m"Detailed notes about the service..."[39m
                  [33mrows[39m=[32m"4"[39m
                [36m/>[39m
              [36m</div>[39m
            [36m</div>[39m
            [36m<div[39m
              [33mclass[39m=[32m"flex justify-end gap-3 border-t border-gray-200 px-6 py-4 dark:border-gray-700"[39m
            [36m>[39m
              [36m<button[39m
                [33mclass[39m=[32m"rounded-lg border border-gray-300 px-4 py-2 text-sm font-medium text-gray-700 hover:bg-gray-50 focus:outline-none focus:ring-2 focus:ring-gray-500 disabled:opacity-50 dark:border-gray-600 dark:text-gray-300 dark:hover:bg-gray-700"[39m
                [33mtype[39m=[32m"button"[39m
              [36m>[39m
                [0mCancel[0m
              [36m</button>[39m
              [36m<button[39m
                [33mclass[39m=[32m"inline-flex items-center gap-2 rounded-lg bg-[#2f6ea8] px-4 py-2 text-sm font-semibold text-white hover:brightness-110 focus:outline-none focus:ring-2 focus:ring-[#2f6ea8] disabled:opacity-50"[39m
                [33mtype[39m=[32m"submit"[39m
              [36m>[39m
                [0mSave[0m
              [36m</button>[39m
            [36m</div>[39m
          [36m</form>[39m
        [36m</div>[39m
      [36m</div>[39m
    [36m</div>[39m
  [36m</div>[39m
[36m</body>[39m
[90m [2m❯[22m Object.getElementError node_modules/@testing-library/dom/dist/config.js:[2m37:19[22m[39m
[90m [2m❯[22m getAllByLabelText node_modules/@testing-library/dom/dist/queries/label-text.js:[2m111:38[22m[39m
[90m [2m❯[22m node_modules/@testing-library/dom/dist/query-helpers.js:[2m52:17[22m[39m
[90m [2m❯[22m node_modules/@testing-library/dom/dist/query-helpers.js:[2m95:19[22m[39m
[36m [2m❯[22m src/tests/unit/LogsTab.test.tsx:[2m282:32[22m[39m
    [90m280| [39m      })[33m;[39m
    [90m281| [39m
    [90m282| [39m      [35mconst[39m dateInput [33m=[39m screen[33m.[39m[34mgetByLabelText[39m([32m'Date'[39m) [35mas[39m [33mHTMLInputElem[39m…
    [90m   | [39m                               [31m^[39m
    [90m283| [39m      fireEvent[33m.[39m[34mchange[39m(dateInput[33m,[39m { target[33m:[39m { value[33m:[39m [32m'2024-06-15'[39m } })[33m;[39m
    [90m284| [39m

[31m[2m⎯⎯⎯⎯⎯⎯⎯⎯⎯⎯⎯⎯⎯⎯⎯⎯⎯⎯⎯⎯⎯⎯⎯[1/15]⎯[22m[39m

[31m[1m[7m FAIL [27m[22m[39m src/tests/unit/LogsTab.test.tsx[2m > [22mLogsTab Component[2m > [22mAdd Log Modal[2m > [22mshould close modal when clicking outside
[31m[1mError[22m[39m: [2mexpect([22m[31melement[39m[2m).not.toBeInTheDocument()[22m

[31mexpected document not to contain element, found <h3
  class="text-lg font-semibold text-gray-900 dark:text-white"
>
  Add Service Log
</h3> instead[39m

Ignored nodes: comments, script, style
[36m<html>[39m
  [36m<head />[39m
  [36m<body>[39m
    [36m<div>[39m
      [36m<div>[39m
        [36m<div[39m
          [33mclass[39m=[32m"mb-6 flex items-center justify-between"[39m
        [36m>[39m
          [36m<h2[39m
            [33mclass[39m=[32m"text-xl font-semibold text-gray-900 dark:text-white"[39m
          [36m>[39m
            [0mService Logs[0m
          [36m</h2>[39m
          [36m<button[39m
            [33mclass[39m=[32m"inline-flex items-center gap-2 rounded-lg bg-[#2f6ea8] px-4 py-2 text-sm font-semibold text-white shadow-sm hover:brightness-110 focus:outline-none focus:ring-2 focus:ring-[#2f6ea8] transition-colors"[39m
            [33mtype[39m=[32m"button"[39m
          [36m>[39m
            [36m<svg[39m
              [33mclass[39m=[32m"h-4 w-4"[39m
              [33mfill[39m=[32m"currentColor"[39m
              [33mheight[39m=[32m"1em"[39m
              [33mstroke[39m=[32m"currentColor"[39m
              [33mstroke-width[39m=[32m"0"[39m
              [33mviewBox[39m=[32m"0 0 448 512"[39m
              [33mwidth[39m=[32m"1em"[39m
              [33mxmlns[39m=[32m"http://www.w3.org/2000/svg"[39m
            [36m>[39m
              [36m<path[39m
                [33md[39m=[32m"M416 208H272V64c0-17.67-14.33-32-32-32h-32c-17.67 0-32 14.33-32 32v144H32c-17.67 0-32 14.33-32 32v32c0 17.67 14.33 32 32 32h144v144c0 17.67 14.33 32 32 32h32c17.67 0 32-14.33 32-32V304h144c17.67 0 32-14.33 32-32v-32c0-17.67-14.33-32-32-32z"[39m
              [36m/>[39m
            [36m</svg>[39m
            [0mAdd Log[0m
          [36m</button>[39m
        [36m</div>[39m
        [36m<div[39m
          [33mclass[39m=[32m"space-y-4"[39m
        [36m>[39m
          [36m<div[39m
            [33mclass[39m=[32m"relative rounded-lg border border-gray-200 bg-white p-4 shadow-sm transition hover:shadow-md dark:border-gray-700 dark:bg-gray-800"[39m
          [36m>[39m
            [36m<div[39m
              [33mclass[39m=[32m"flex items-start justify-between"[39m
            [36m>[39m
              [36m<div[39m
                [33mclass[39m=[32m"flex-1 pr-10"[39m
              [36m>[39m
                [36m<h3[39m
                  [33mclass[39m=[32m"font-semibold text-gray-900 dark:text-white"[39m
                [36m>[39m
                  [0mOil Change[0m
                [36m</h3>[39m
                [36m<p[39m
                  [33mclass[39m=[32m"mt-1 text-sm text-gray-500 dark:text-gray-400"[39m
                [36m>[39m
                  [0mJan 15, 2024[0m
                [36m</p>[39m
              [36m</div>[39m
            [36m</div>[39m
            [36m<p[39m
              [33mclass[39m=[32m"mt-3 text-sm text-gray-700 dark:text-gray-300 whitespace-pre-wrap"[39m
            [36m>[39m
              [0mChanged oil and filter[0m
            [36m</p>[39m
          [36m</div>[39m
          [36m<div[39m
            [33mclass[39m=[32m"relative rounded-lg border border-gray-200 bg-white p-4 shadow-sm transition hover:shadow-md dark:border-gray-700 dark:bg-gray-800"[39m
          [36m>[39m
            [36m<div[39m
              [33mclass[39m=[32m"flex items-start justify-between"[39m
            [36m>[39m
              [36m<div[39m
                [33mclass[39m=[32m"flex-1 pr-10"[39m
              [36m>[39m
                [36m<h3[39m
                  [33mclass[39m=[32m"font-semibold text-gray-900 dark:text-white"[39m
                [36m>[39m
                  [0mTire Rotation[0m
                [36m</h3>[39m
                [36m<p[39m
                  [33mclass[39m=[32m"mt-1 text-sm text-gray-500 dark:text-gray-400"[39m
                [36m>[39m
                  [0mJan 10, 2024[0m
                [36m</p>[39m
              [36m</div>[39m
            [36m</div>[39m
            [36m<p[39m
              [33mclass[39m=[32m"mt-3 text-sm text-gray-700 dark:text-gray-300 whitespace-pre-wrap"[39m
            [36m>[39m
              [0mRotated all tires[0m
            [36m</p>[39m
          [36m</div>[39m
        [36m</div>[39m
        [36m<div[39m
          [33mclass[39m=[32m"fixed inset-0 z-50 flex items-center justify-center bg-black/50 p-4"[39m
        [36m>[39m
          [36m<div[39m
            [33mclass[39m=[32m"w-full max-w-lg rounded-lg bg-white shadow-xl dark:bg-gray-800"[39m
          [36m>[39m
            [36m<div[39m
              [33mclass[39m=[32m"border-b border-gray-200 px-6 py-4 dark:border-gray-700"[39m
            [36m>[39m
              [36m<h3[39m
                [33mclass[39m=[32m"text-lg font-semibold text-gray-900 dark:text-white"[39m
              [36m>[39m
                [0mAdd Service Log[0m
              [36m</h3>[39m
            [36m</div>[39m
            [36m<form>[39m
              [36m<div[39m
                [33mclass[39m=[32m"space-y-4 p-6"[39m
              [36m>[39m
                [36m<div>[39m
                  [36m<label[39m
                    [33mclass[39m=[32m"block text-sm font-medium text-gray-700 dark:text-gray-300"[39m
                    [33mfor[39m=[32m"log-title"[39m
                  [36m>[39m
                    [0mTitle *[0m
                  [36m</label>[39m
                  [36m<input[39m
                    [33mclass[39m=[32m"mt-1 w-full rounded-lg border border-gray-300 px-3 py-2 text-sm focus:border-[#2f6ea8] focus:outline-none focus:ring-2 focus:ring-[#2f6ea8] dark:border-gray-600 dark:bg-gray-700 dark:text-white"[39m
                    [33mid[39m=[32m"log-title"[39m
                    [33mplaceholder[39m=[32m"e.g., Annual maintenance"[39m
                    [33mrequired[39m=[32m""[39m
                    [33mtype[39m=[32m"text"[39m
                    [33mvalue[39m=[32m""[39m
                  [36m/>[39m
                [36m</div>[39m
                [36m<div>[39m
                  [36m<label[39m
                    [33mclass[39m=[32m"block text-sm font-medium text-gray-700 dark:text-gray-300"[39m
                    [33mfor[39m=[32m"log-date"[39m
                  [36m>[39m
                    [0mDate *[0m
                  [36m</label>[39m
                  [36m<input[39m
                    [33mclass[39m=[32m"mt-1 w-full rounded-lg border border-gray-300 px-3 py-2 text-sm focus:border-[#2f6ea8] focus:outline-none focus:ring-2 focus:ring-[#2f6ea8] dark:border-gray-600 dark:bg-gray-700 dark:text-white"[39m
                    [33mid[39m=[32m"log-date"[39m
                    [33mrequired[39m=[32m""[39m
                    [33mtype[39m=[32m"date"[39m
                    [33mvalue[39m=[32m"2025-12-18"[39m
                  [36m/>[39m
                [36m</div>[39m
                [36m<div>[39m
                  [36m<label[39m
                    [33mclass[39m=[32m"block text-sm font-medium text-gray-700 dark:text-gray-300"[39m
                    [33mfor[39m=[32m"log-body"[39m
                  [36m>[39m
                    [0mNotes[0m
                  [36m</label>[39m
                  [36m<textarea[39m
                    [33mclass[39m=[32m"mt-1 w-full rounded-lg border border-gray-300 px-3 py-2 text-sm focus:border-[#2f6ea8] focus:outline-none focus:ring-2 focus:ring-[#2f6ea8] dark:border-gray-600 dark:bg-gray-700 dark:text-white"[39m
                    [33mid[39m=[32m"log-body"[39m
                    [33mplaceholder[39m=[32m"Detailed notes about the service..."[39m
                    [33mrows[39m=[32m"4"[39m
                  [36m/>[39m
                [36m</div>[39m
              [36m</div>[39m
              [36m<div[39m
                [33mclass[39m=[32m"flex justify-end gap-3 border-t border-gray-200 px-6 py-4 dark:border-gray-700"[39m
              [36m>[39m
                [36m<button[39m
                  [33mclass[39m=[32m"rounded-lg border border-gray-300 px-4 py-2 text-sm font-medium text-gray-700 hover:bg-gray-50 focus:outline-none focus:ring-2 focus:ring-gray-500 disabled:opacity-50 dark:border-gray-600 dark:text-gray-300 dark:hover:bg-gray-700"[39m
                  [33mtype[39m=[32m"button"[39m
                [36m>[39m
                  [0mCancel[0m
                [36m</button>[39m
                [36m<button[39m
                  [33mclass[39m=[32m"inline-flex items-center gap-2 rounded-lg bg-[#2f6ea8] px-4 py-2 text-sm font-semibold text-white hover:brightness-110 focus:outline-none focus:ring-2 focus:ring-[#2f6ea8] disabled:opacity-50"[39m
                  [33mtype[39m=[32m"submit"[39m
                [36m>[39m
                  [0mSave[0m
                [36m</button>[39m
              [36m</div>[39m
            [36m</form>[39m
          [36m</div>[39m
        [36m</div>[39m
      [36m</div>[39m
    [36m</div>[39m
  [36m</body>[39m
[36m</html>[39m
[36m [2m❯[22m src/tests/unit/LogsTab.test.tsx:[2m331:61[22m[39m
    [90m329| [39m        fireEvent[33m.[39m[34mclick[39m(overlay)[33m;[39m
    [90m330| [39m        [35mawait[39m [34mwaitFor[39m(() [33m=>[39m {
    [90m331| [39m          [34mexpect[39m(screen[33m.[39m[34mqueryByText[39m([32m'Add Service Log'[39m))[33m.[39mnot[33m.[39m[34mtoBeInTheD[39m…
    [90m   | [39m                                                            [31m^[39m
    [90m332| [39m        })[33m;[39m
    [90m333| [39m      }
[90m [2m❯[22m runWithExpensiveErrorDiagnosticsDisabled node_modules/@testing-library/dom/dist/config.js:[2m47:12[22m[39m
[90m [2m❯[22m checkCallback node_modules/@testing-library/dom/dist/wait-for.js:[2m124:77[22m[39m
[90m [2m❯[22m Timeout.checkRealTimersCallback node_modules/@testing-library/dom/dist/wait-for.js:[2m118:16[22m[39m

[31m[2m⎯⎯⎯⎯⎯⎯⎯⎯⎯⎯⎯⎯⎯⎯⎯⎯⎯⎯⎯⎯⎯⎯⎯[2/15]⎯[22m[39m

[31m[1m[7m FAIL [27m[22m[39m src/tests/unit/LogsTab.test.tsx[2m > [22mLogsTab Component[2m > [22mAdd Log Validation[2m > [22mshould require title before submitting
[31m[1mAssertionError[22m: expected "spy" to be called with arguments: [ 'Please enter a title' ][90m

Received: 

[31m[90m

Number of calls: [1m0[22m
[31m[39m
[36m [2m❯[22m src/tests/unit/LogsTab.test.tsx:[2m349:28[22m[39m
    [90m347| [39m      fireEvent[33m.[39m[34mclick[39m(submitButton)[33m;[39m
    [90m348| [39m
    [90m349| [39m      [34mexpect[39m(global[33m.[39malert)[33m.[39m[34mtoHaveBeenCalledWith[39m([32m'Please enter a title'[39m…
    [90m   | [39m                           [31m^[39m
    [90m350| [39m      [34mexpect[39m(mockInsert)[33m.[39mnot[33m.[39m[34mtoHaveBeenCalled[39m()[33m;[39m
    [90m351| [39m    })[33m;[39m

[31m[2m⎯⎯⎯⎯⎯⎯⎯⎯⎯⎯⎯⎯⎯⎯⎯⎯⎯⎯⎯⎯⎯⎯⎯[3/15]⎯[22m[39m

[31m[1m[7m FAIL [27m[22m[39m src/tests/unit/LogsTab.test.tsx[2m > [22mLogsTab Component[2m > [22mAdd Log Validation[2m > [22mshould allow submission with only title (body optional)
[31m[1mTestingLibraryElementError[22m: Unable to find an element with the text: Save. This could be because the text is broken up by multiple elements. In this case, you can provide a function for your text matcher to make your matcher more flexible.

Ignored nodes: comments, script, style
[36m<body>[31m
  [36m<div>[31m
    [36m<div[31m
      [33mclass[31m=[32m"flex items-center justify-center py-12"[31m
    [36m>[31m
      [36m<span[31m
        [33mclass[31m=[32m"loading loading-spinner loading-lg text-[#2f6ea8]"[31m
      [36m/>[31m
    [36m</div>[31m
  [36m</div>[31m
[36m</body>[31m[39m
[90m [2m❯[22m Object.getElementError node_modules/@testing-library/dom/dist/config.js:[2m37:19[22m[39m
[90m [2m❯[22m node_modules/@testing-library/dom/dist/query-helpers.js:[2m76:38[22m[39m
[90m [2m❯[22m node_modules/@testing-library/dom/dist/query-helpers.js:[2m52:17[22m[39m
[90m [2m❯[22m node_modules/@testing-library/dom/dist/query-helpers.js:[2m95:19[22m[39m
[36m [2m❯[22m src/tests/unit/LogsTab.test.tsx:[2m366:35[22m[39m
    [90m364| [39m      fireEvent[33m.[39m[34mchange[39m(titleInput[33m,[39m { target[33m:[39m { value[33m:[39m [32m'Quick Service'[39m …
    [90m365| [39m
    [90m366| [39m      [35mconst[39m submitButton [33m=[39m screen[33m.[39m[34mgetByText[39m([32m'Save'[39m)[33m;[39m
    [90m   | [39m                                  [31m^[39m
    [90m367| [39m      fireEvent[33m.[39m[34mclick[39m(submitButton)[33m;[39m
    [90m368| [39m

[31m[2m⎯⎯⎯⎯⎯⎯⎯⎯⎯⎯⎯⎯⎯⎯⎯⎯⎯⎯⎯⎯⎯⎯⎯[4/15]⎯[22m[39m

[31m[1m[7m FAIL [27m[22m[39m src/tests/unit/LogsTab.test.tsx[2m > [22mLogsTab Component[2m > [22mAdd Log Validation[2m > [22mshould trim whitespace from title before validating
[31m[1mTestingLibraryElementError[22m: Unable to find an element with the text: Save. This could be because the text is broken up by multiple elements. In this case, you can provide a function for your text matcher to make your matcher more flexible.

Ignored nodes: comments, script, style
[36m<body>[31m
  [36m<div>[31m
    [36m<div[31m
      [33mclass[31m=[32m"flex items-center justify-center py-12"[31m
    [36m>[31m
      [36m<span[31m
        [33mclass[31m=[32m"loading loading-spinner loading-lg text-[#2f6ea8]"[31m
      [36m/>[31m
    [36m</div>[31m
  [36m</div>[31m
[36m</body>[31m[39m
[90m [2m❯[22m Object.getElementError node_modules/@testing-library/dom/dist/config.js:[2m37:19[22m[39m
[90m [2m❯[22m node_modules/@testing-library/dom/dist/query-helpers.js:[2m76:38[22m[39m
[90m [2m❯[22m node_modules/@testing-library/dom/dist/query-helpers.js:[2m52:17[22m[39m
[90m [2m❯[22m node_modules/@testing-library/dom/dist/query-helpers.js:[2m95:19[22m[39m
[36m [2m❯[22m src/tests/unit/LogsTab.test.tsx:[2m385:35[22m[39m
    [90m383| [39m      fireEvent[33m.[39m[34mchange[39m(titleInput[33m,[39m { target[33m:[39m { value[33m:[39m [32m'   '[39m } })[33m;[39m
    [90m384| [39m
    [90m385| [39m      [35mconst[39m submitButton [33m=[39m screen[33m.[39m[34mgetByText[39m([32m'Save'[39m)[33m;[39m
    [90m   | [39m                                  [31m^[39m
    [90m386| [39m      fireEvent[33m.[39m[34mclick[39m(submitButton)[33m;[39m
    [90m387| [39m

[31m[2m⎯⎯⎯⎯⎯⎯⎯⎯⎯⎯⎯⎯⎯⎯⎯⎯⎯⎯⎯⎯⎯⎯⎯[5/15]⎯[22m[39m

[31m[1m[7m FAIL [27m[22m[39m src/tests/unit/LogsTab.test.tsx[2m > [22mLogsTab Component[2m > [22mAdd Log Submission[2m > [22mshould submit log with correct data
[31m[1mTestingLibraryElementError[22m: Unable to find an element with the text: Save. This could be because the text is broken up by multiple elements. In this case, you can provide a function for your text matcher to make your matcher more flexible.

Ignored nodes: comments, script, style
[36m<body>[31m
  [36m<div>[31m
    [36m<div[31m
      [33mclass[31m=[32m"flex items-center justify-center py-12"[31m
    [36m>[31m
      [36m<span[31m
        [33mclass[31m=[32m"loading loading-spinner loading-lg text-[#2f6ea8]"[31m
      [36m/>[31m
    [36m</div>[31m
  [36m</div>[31m
[36m</body>[31m[39m
[90m [2m❯[22m Object.getElementError node_modules/@testing-library/dom/dist/config.js:[2m37:19[22m[39m
[90m [2m❯[22m node_modules/@testing-library/dom/dist/query-helpers.js:[2m76:38[22m[39m
[90m [2m❯[22m node_modules/@testing-library/dom/dist/query-helpers.js:[2m52:17[22m[39m
[90m [2m❯[22m node_modules/@testing-library/dom/dist/query-helpers.js:[2m95:19[22m[39m
[36m [2m❯[22m src/tests/unit/LogsTab.test.tsx:[2m410:35[22m[39m
    [90m408| [39m      fireEvent[33m.[39m[34mchange[39m(bodyInput[33m,[39m { target[33m:[39m { value[33m:[39m [32m'Replaced brake p[39m…
    [90m409| [39m
    [90m410| [39m      [35mconst[39m submitButton [33m=[39m screen[33m.[39m[34mgetByText[39m([32m'Save'[39m)[33m;[39m
    [90m   | [39m                                  [31m^[39m
    [90m411| [39m      fireEvent[33m.[39m[34mclick[39m(submitButton)[33m;[39m
    [90m412| [39m

[31m[2m⎯⎯⎯⎯⎯⎯⎯⎯⎯⎯⎯⎯⎯⎯⎯⎯⎯⎯⎯⎯⎯⎯⎯[6/15]⎯[22m[39m

[31m[1m[7m FAIL [27m[22m[39m src/tests/unit/LogsTab.test.tsx[2m > [22mLogsTab Component[2m > [22mAdd Log Submission[2m > [22mshould close modal after successful submission
[31m[1mTestingLibraryElementError[22m: Unable to find an element with the text: Save. This could be because the text is broken up by multiple elements. In this case, you can provide a function for your text matcher to make your matcher more flexible.

Ignored nodes: comments, script, style
[36m<body>[31m
  [36m<div>[31m
    [36m<div[31m
      [33mclass[31m=[32m"flex items-center justify-center py-12"[31m
    [36m>[31m
      [36m<span[31m
        [33mclass[31m=[32m"loading loading-spinner loading-lg text-[#2f6ea8]"[31m
      [36m/>[31m
    [36m</div>[31m
  [36m</div>[31m
[36m</body>[31m[39m
[90m [2m❯[22m Object.getElementError node_modules/@testing-library/dom/dist/config.js:[2m37:19[22m[39m
[90m [2m❯[22m node_modules/@testing-library/dom/dist/query-helpers.js:[2m76:38[22m[39m
[90m [2m❯[22m node_modules/@testing-library/dom/dist/query-helpers.js:[2m52:17[22m[39m
[90m [2m❯[22m node_modules/@testing-library/dom/dist/query-helpers.js:[2m95:19[22m[39m
[36m [2m❯[22m src/tests/unit/LogsTab.test.tsx:[2m437:35[22m[39m
    [90m435| [39m      fireEvent[33m.[39m[34mchange[39m(titleInput[33m,[39m { target[33m:[39m { value[33m:[39m [32m'New Service'[39m } …
    [90m436| [39m
    [90m437| [39m      [35mconst[39m submitButton [33m=[39m screen[33m.[39m[34mgetByText[39m([32m'Save'[39m)[33m;[39m
    [90m   | [39m                                  [31m^[39m
    [90m438| [39m      fireEvent[33m.[39m[34mclick[39m(submitButton)[33m;[39m
    [90m439| [39m

[31m[2m⎯⎯⎯⎯⎯⎯⎯⎯⎯⎯⎯⎯⎯⎯⎯⎯⎯⎯⎯⎯⎯⎯⎯[7/15]⎯[22m[39m

[31m[1m[7m FAIL [27m[22m[39m src/tests/unit/LogsTab.test.tsx[2m > [22mLogsTab Component[2m > [22mAdd Log Submission[2m > [22mshould reset form after successful submission
[31m[1mTestingLibraryElementError[22m: Unable to find an element with the text: Save. This could be because the text is broken up by multiple elements. In this case, you can provide a function for your text matcher to make your matcher more flexible.

Ignored nodes: comments, script, style
[36m<body>[31m
  [36m<div>[31m
    [36m<div[31m
      [33mclass[31m=[32m"flex items-center justify-center py-12"[31m
    [36m>[31m
      [36m<span[31m
        [33mclass[31m=[32m"loading loading-spinner loading-lg text-[#2f6ea8]"[31m
      [36m/>[31m
    [36m</div>[31m
  [36m</div>[31m
[36m</body>[31m[39m
[90m [2m❯[22m Object.getElementError node_modules/@testing-library/dom/dist/config.js:[2m37:19[22m[39m
[90m [2m❯[22m node_modules/@testing-library/dom/dist/query-helpers.js:[2m76:38[22m[39m
[90m [2m❯[22m node_modules/@testing-library/dom/dist/query-helpers.js:[2m52:17[22m[39m
[90m [2m❯[22m node_modules/@testing-library/dom/dist/query-helpers.js:[2m95:19[22m[39m
[36m [2m❯[22m src/tests/unit/LogsTab.test.tsx:[2m457:35[22m[39m
    [90m455| [39m      fireEvent[33m.[39m[34mchange[39m(titleInput[33m,[39m { target[33m:[39m { value[33m:[39m [32m'Service 1'[39m } })[33m;[39m
    [90m456| [39m
    [90m457| [39m      [35mconst[39m submitButton [33m=[39m screen[33m.[39m[34mgetByText[39m([32m'Save'[39m)[33m;[39m
    [90m   | [39m                                  [31m^[39m
    [90m458| [39m      fireEvent[33m.[39m[34mclick[39m(submitButton)[33m;[39m
    [90m459| [39m

[31m[2m⎯⎯⎯⎯⎯⎯⎯⎯⎯⎯⎯⎯⎯⎯⎯⎯⎯⎯⎯⎯⎯⎯⎯[8/15]⎯[22m[39m

[31m[1m[7m FAIL [27m[22m[39m src/tests/unit/LogsTab.test.tsx[2m > [22mLogsTab Component[2m > [22mAdd Log Submission[2m > [22mshould refresh logs after successful submission
[31m[1mTestingLibraryElementError[22m: Unable to find an element with the text: Save. This could be because the text is broken up by multiple elements. In this case, you can provide a function for your text matcher to make your matcher more flexible.

Ignored nodes: comments, script, style
[36m<body>[31m
  [36m<div>[31m
    [36m<div[31m
      [33mclass[31m=[32m"flex items-center justify-center py-12"[31m
    [36m>[31m
      [36m<span[31m
        [33mclass[31m=[32m"loading loading-spinner loading-lg text-[#2f6ea8]"[31m
      [36m/>[31m
    [36m</div>[31m
  [36m</div>[31m
[36m</body>[31m[39m
[90m [2m❯[22m Object.getElementError node_modules/@testing-library/dom/dist/config.js:[2m37:19[22m[39m
[90m [2m❯[22m node_modules/@testing-library/dom/dist/query-helpers.js:[2m76:38[22m[39m
[90m [2m❯[22m node_modules/@testing-library/dom/dist/query-helpers.js:[2m52:17[22m[39m
[90m [2m❯[22m node_modules/@testing-library/dom/dist/query-helpers.js:[2m95:19[22m[39m
[36m [2m❯[22m src/tests/unit/LogsTab.test.tsx:[2m487:35[22m[39m
    [90m485| [39m      vi[33m.[39m[34mclearAllMocks[39m()[33m;[39m
    [90m486| [39m
    [90m487| [39m      [35mconst[39m submitButton [33m=[39m screen[33m.[39m[34mgetByText[39m([32m'Save'[39m)[33m;[39m
    [90m   | [39m                                  [31m^[39m
    [90m488| [39m      fireEvent[33m.[39m[34mclick[39m(submitButton)[33m;[39m
    [90m489| [39m

[31m[2m⎯⎯⎯⎯⎯⎯⎯⎯⎯⎯⎯⎯⎯⎯⎯⎯⎯⎯⎯⎯⎯⎯⎯[9/15]⎯[22m[39m

[31m[1m[7m FAIL [27m[22m[39m src/tests/unit/LogsTab.test.tsx[2m > [22mLogsTab Component[2m > [22mAdd Log Submission[2m > [22mshould handle submission errors gracefully
[31m[1mTestingLibraryElementError[22m: Unable to find an element with the text: Save. This could be because the text is broken up by multiple elements. In this case, you can provide a function for your text matcher to make your matcher more flexible.

Ignored nodes: comments, script, style
[36m<body>[31m
  [36m<div>[31m
    [36m<div[31m
      [33mclass[31m=[32m"flex items-center justify-center py-12"[31m
    [36m>[31m
      [36m<span[31m
        [33mclass[31m=[32m"loading loading-spinner loading-lg text-[#2f6ea8]"[31m
      [36m/>[31m
    [36m</div>[31m
  [36m</div>[31m
[36m</body>[31m[39m
[90m [2m❯[22m Object.getElementError node_modules/@testing-library/dom/dist/config.js:[2m37:19[22m[39m
[90m [2m❯[22m node_modules/@testing-library/dom/dist/query-helpers.js:[2m76:38[22m[39m
[90m [2m❯[22m node_modules/@testing-library/dom/dist/query-helpers.js:[2m52:17[22m[39m
[90m [2m❯[22m node_modules/@testing-library/dom/dist/query-helpers.js:[2m95:19[22m[39m
[36m [2m❯[22m src/tests/unit/LogsTab.test.tsx:[2m509:35[22m[39m
    [90m507| [39m      fireEvent[33m.[39m[34mchange[39m(titleInput[33m,[39m { target[33m:[39m { value[33m:[39m [32m'Service'[39m } })[33m;[39m
    [90m508| [39m
    [90m509| [39m      [35mconst[39m submitButton [33m=[39m screen[33m.[39m[34mgetByText[39m([32m'Save'[39m)[33m;[39m
    [90m   | [39m                                  [31m^[39m
    [90m510| [39m      fireEvent[33m.[39m[34mclick[39m(submitButton)[33m;[39m
    [90m511| [39m

[31m[2m⎯⎯⎯⎯⎯⎯⎯⎯⎯⎯⎯⎯⎯⎯⎯⎯⎯⎯⎯⎯⎯⎯[10/15]⎯[22m[39m

[31m[1m[7m FAIL [27m[22m[39m src/tests/unit/LogsTab.test.tsx[2m > [22mLogsTab Component[2m > [22mAdd Log Submission[2m > [22mshould not close modal when submission fails
[31m[1mTestingLibraryElementError[22m: Unable to find an element with the text: Save. This could be because the text is broken up by multiple elements. In this case, you can provide a function for your text matcher to make your matcher more flexible.

Ignored nodes: comments, script, style
[36m<body>[31m
  [36m<div>[31m
    [36m<div[31m
      [33mclass[31m=[32m"flex items-center justify-center py-12"[31m
    [36m>[31m
      [36m<span[31m
        [33mclass[31m=[32m"loading loading-spinner loading-lg text-[#2f6ea8]"[31m
      [36m/>[31m
    [36m</div>[31m
  [36m</div>[31m
[36m</body>[31m[39m
[90m [2m❯[22m Object.getElementError node_modules/@testing-library/dom/dist/config.js:[2m37:19[22m[39m
[90m [2m❯[22m node_modules/@testing-library/dom/dist/query-helpers.js:[2m76:38[22m[39m
[90m [2m❯[22m node_modules/@testing-library/dom/dist/query-helpers.js:[2m52:17[22m[39m
[90m [2m❯[22m node_modules/@testing-library/dom/dist/query-helpers.js:[2m95:19[22m[39m
[36m [2m❯[22m src/tests/unit/LogsTab.test.tsx:[2m533:35[22m[39m
    [90m531| [39m      fireEvent[33m.[39m[34mchange[39m(titleInput[33m,[39m { target[33m:[39m { value[33m:[39m [32m'Service'[39m } })[33m;[39m
    [90m532| [39m
    [90m533| [39m      [35mconst[39m submitButton [33m=[39m screen[33m.[39m[34mgetByText[39m([32m'Save'[39m)[33m;[39m
    [90m   | [39m                                  [31m^[39m
    [90m534| [39m      fireEvent[33m.[39m[34mclick[39m(submitButton)[33m;[39m
    [90m535| [39m

[31m[2m⎯⎯⎯⎯⎯⎯⎯⎯⎯⎯⎯⎯⎯⎯⎯⎯⎯⎯⎯⎯⎯⎯[11/15]⎯[22m[39m

[31m[1m[7m FAIL [27m[22m[39m src/tests/unit/LogsTab.test.tsx[2m > [22mLogsTab Component[2m > [22mDelete Log[2m > [22mshould refresh logs after successful deletion
[31m[1mAssertionError[22m[39m: expected "spy" to be called at least once

Ignored nodes: comments, script, style
[36m<html>[39m
  [36m<head />[39m
  [36m<body>[39m
    [36m<div>[39m
      [36m<div>[39m
        [36m<div[39m
          [33mclass[39m=[32m"mb-6 flex items-center justify-between"[39m
        [36m>[39m
          [36m<h2[39m
            [33mclass[39m=[32m"text-xl font-semibold text-gray-900 dark:text-white"[39m
          [36m>[39m
            [0mService Logs[0m
          [36m</h2>[39m
          [36m<button[39m
            [33mclass[39m=[32m"inline-flex items-center gap-2 rounded-lg bg-[#2f6ea8] px-4 py-2 text-sm font-semibold text-white shadow-sm hover:brightness-110 focus:outline-none focus:ring-2 focus:ring-[#2f6ea8] transition-colors"[39m
            [33mtype[39m=[32m"button"[39m
          [36m>[39m
            [36m<svg[39m
              [33mclass[39m=[32m"h-4 w-4"[39m
              [33mfill[39m=[32m"currentColor"[39m
              [33mheight[39m=[32m"1em"[39m
              [33mstroke[39m=[32m"currentColor"[39m
              [33mstroke-width[39m=[32m"0"[39m
              [33mviewBox[39m=[32m"0 0 448 512"[39m
              [33mwidth[39m=[32m"1em"[39m
              [33mxmlns[39m=[32m"http://www.w3.org/2000/svg"[39m
            [36m>[39m
              [36m<path[39m
                [33md[39m=[32m"M416 208H272V64c0-17.67-14.33-32-32-32h-32c-17.67 0-32 14.33-32 32v144H32c-17.67 0-32 14.33-32 32v32c0 17.67 14.33 32 32 32h144v144c0 17.67 14.33 32 32 32h32c17.67 0 32-14.33 32-32V304h144c17.67 0 32-14.33 32-32v-32c0-17.67-14.33-32-32-32z"[39m
              [36m/>[39m
            [36m</svg>[39m
            [0mAdd Log[0m
          [36m</button>[39m
        [36m</div>[39m
        [36m<div[39m
          [33mclass[39m=[32m"space-y-4"[39m
        [36m>[39m
          [36m<div[39m
            [33mclass[39m=[32m"relative rounded-lg border border-gray-200 bg-white p-4 shadow-sm transition hover:shadow-md dark:border-gray-700 dark:bg-gray-800"[39m
          [36m>[39m
            [36m<button[39m
              [33maria-label[39m=[32m"Delete log"[39m
              [33mclass[39m=[32m"absolute top-2 right-2 rounded-lg bg-red-600 p-2 text-white shadow hover:brightness-110 focus:outline-none focus:ring-2 focus:ring-red-600"[39m
              [33mtype[39m=[32m"button"[39m
            [36m>[39m
              [36m<svg[39m
                [33mclass[39m=[32m"h-4 w-4"[39m
                [33mfill[39m=[32m"currentColor"[39m
                [33mheight[39m=[32m"1em"[39m
                [33mstroke[39m=[32m"currentColor"[39m
                [33mstroke-width[39m=[32m"0"[39m
                [33mviewBox[39m=[32m"0 0 448 512"[39m
                [33mwidth[39m=[32m"1em"[39m
                [33mxmlns[39m=[32m"http://www.w3.org/2000/svg"[39m
              [36m>[39m
                [36m<path[39m
                  [33md[39m=[32m"M432 32H312l-9.4-18.7A24 24 0 0 0 281.1 0H166.8a23.72 23.72 0 0 0-21.4 13.3L136 32H16A16 16 0 0 0 0 48v32a16 16 0 0 0 16 16h416a16 16 0 0 0 16-16V48a16 16 0 0 0-16-16zM53.2 467a48 48 0 0 0 47.9 45h245.8a48 48 0 0 0 47.9-45L416 128H32z"[39m
                [36m/>[39m
              [36m</svg>[39m
            [36m</button>[39m
            [36m<div[39m
              [33mclass[39m=[32m"flex items-start justify-between"[39m
            [36m>[39m
              [36m<div[39m
                [33mclass[39m=[32m"flex-1 pr-10"[39m
              [36m>[39m
                [36m<h3[39m
                  [33mclass[39m=[32m"font-semibold text-gray-900 dark:text-white"[39m
                [36m>[39m
                  [0mOil Change[0m
                [36m</h3>[39m
                [36m<p[39m
                  [33mclass[39m=[32m"mt-1 text-sm text-gray-500 dark:text-gray-400"[39m
                [36m>[39m
                  [0mJan 15, 2024[0m
                [36m</p>[39m
              [36m</div>[39m
            [36m</div>[39m
            [36m<p[39m
              [33mclass[39m=[32m"mt-3 text-sm text-gray-700 dark:text-gray-300 whitespace-pre-wrap"[39m
            [36m>[39m
              [0mChanged oil and filter[0m
            [36m</p>[39m
          [36m</div>[39m
          [36m<div[39m
            [33mclass[39m=[32m"relative rounded-lg border border-gray-200 bg-white p-4 shadow-sm transition hover:shadow-md dark:border-gray-700 dark:bg-gray-800"[39m
          [36m>[39m
            [36m<button[39m
              [33maria-label[39m=[32m"Delete log"[39m
              [33mclass[39m=[32m"absolute top-2 right-2 rounded-lg bg-red-600 p-2 text-white shadow hover:brightness-110 focus:outline-none focus:ring-2 focus:ring-red-600"[39m
              [33mtype[39m=[32m"button"[39m
            [36m>[39m
              [36m<svg[39m
                [33mclass[39m=[32m"h-4 w-4"[39m
                [33mfill[39m=[32m"currentColor"[39m
                [33mheight[39m=[32m"1em"[39m
                [33mstroke[39m=[32m"currentColor"[39m
                [33mstroke-width[39m=[32m"0"[39m
                [33mviewBox[39m=[32m"0 0 448 512"[39m
                [33mwidth[39m=[32m"1em"[39m
                [33mxmlns[39m=[32m"http://www.w3.org/2000/svg"[39m
              [36m>[39m
                [36m<path[39m
                  [33md[39m=[32m"M432 32H312l-9.4-18.7A24 24 0 0 0 281.1 0H166.8a23.72 23.72 0 0 0-21.4 13.3L136 32H16A16 16 0 0 0 0 48v32a16 16 0 0 0 16 16h416a16 16 0 0 0 16-16V48a16 16 0 0 0-16-16zM53.2 467a48 48 0 0 0 47.9 45h245.8a48 48 0 0 0 47.9-45L416 128H32z"[39m
                [36m/>[39m
              [36m</svg>[39m
            [36m</button>[39m
            [36m<div[39m
              [33mclass[39m=[32m"flex items-start justify-between"[39m
            [36m>[39m
              [36m<div[39m
                [33mclass[39m=[32m"flex-1 pr-10"[39m
              [36m>[39m
                [36m<h3[39m
                  [33mclass[39m=[32m"font-semibold text-gray-900 dark:text-white"[39m
                [36m>[39m
                  [0mTire Rotation[0m
                [36m</h3>[39m
                [36m<p[39m
                  [33mclass[39m=[32m"mt-1 text-sm text-gray-500 dark:text-gray-400"[39m
                [36m>[39m
                  [0mJan 10, 2024[0m
                [36m</p>[39m
              [36m</div>[39m
            [36m</div>[39m
            [36m<p[39m
              [33mclass[39m=[32m"mt-3 text-sm text-gray-700 dark:text-gray-300 whitespace-pre-wrap"[39m
            [36m>[39m
              [0mRotated all tires[0m
            [36m</p>[39m
          [36m</div>[39m
        [36m</div>[39m
      [36m</div>[39m
    [36m</div>[39m
  [36m</body>[39m
[36m</html>[39m
[36m [2m❯[22m src/tests/unit/LogsTab.test.tsx:[2m628:28[22m[39m
    [90m626| [39m
    [90m627| [39m      [35mawait[39m [34mwaitFor[39m(() [33m=>[39m {
    [90m628| [39m        [34mexpect[39m(mockSelect)[33m.[39m[34mtoHaveBeenCalled[39m()[33m;[39m
    [90m   | [39m                           [31m^[39m
    [90m629| [39m      })[33m;[39m
    [90m630| [39m    })[33m;[39m
[90m [2m❯[22m runWithExpensiveErrorDiagnosticsDisabled node_modules/@testing-library/dom/dist/config.js:[2m47:12[22m[39m
[90m [2m❯[22m checkCallback node_modules/@testing-library/dom/dist/wait-for.js:[2m124:77[22m[39m
[90m [2m❯[22m Timeout.checkRealTimersCallback node_modules/@testing-library/dom/dist/wait-for.js:[2m118:16[22m[39m

[31m[2m⎯⎯⎯⎯⎯⎯⎯⎯⎯⎯⎯⎯⎯⎯⎯⎯⎯⎯⎯⎯⎯⎯[12/15]⎯[22m[39m

[31m[1m[7m FAIL [27m[22m[39m src/tests/unit/LogsTab.test.tsx[2m > [22mLogsTab Component[2m > [22mLoad More Pagination[2m > [22mshould fetch next page when "Load More" is clicked
[31m[1mTestingLibraryElementError[22m: Unable to find an element with the text: Load More. This could be because the text is broken up by multiple elements. In this case, you can provide a function for your text matcher to make your matcher more flexible.

Ignored nodes: comments, script, style
[36m<body>[31m
  [36m<div>[31m
    [36m<div>[31m
      [36m<div[31m
        [33mclass[31m=[32m"mb-6 flex items-center justify-between"[31m
      [36m>[31m
        [36m<h2[31m
          [33mclass[31m=[32m"text-xl font-semibold text-gray-900 dark:text-white"[31m
        [36m>[31m
          [0mService Logs[0m
        [36m</h2>[31m
        [36m<button[31m
          [33mclass[31m=[32m"inline-flex items-center gap-2 rounded-lg bg-[#2f6ea8] px-4 py-2 text-sm font-semibold text-white shadow-sm hover:brightness-110 focus:outline-none focus:ring-2 focus:ring-[#2f6ea8] transition-colors"[31m
          [33mtype[31m=[32m"button"[31m
        [36m>[31m
          [36m<svg[31m
            [33mclass[31m=[32m"h-4 w-4"[31m
            [33mfill[31m=[32m"currentColor"[31m
            [33mheight[31m=[32m"1em"[31m
            [33mstroke[31m=[32m"currentColor"[31m
            [33mstroke-width[31m=[32m"0"[31m
            [33mviewBox[31m=[32m"0 0 448 512"[31m
            [33mwidth[31m=[32m"1em"[31m
            [33mxmlns[31m=[32m"http://www.w3.org/2000/svg"[31m
          [36m>[31m
            [36m<path[31m
              [33md[31m=[32m"M416 208H272V64c0-17.67-14.33-32-32-32h-32c-17.67 0-32 14.33-32 32v144H32c-17.67 0-32 14.33-32 32v32c0 17.67 14.33 32 32 32h144v144c0 17.67 14.33 32 32 32h32c17.67 0 32-14.33 32-32V304h144c17.67 0 32-14.33 32-32v-32c0-17.67-14.33-32-32-32z"[31m
            [36m/>[31m
          [36m</svg>[31m
          [0mAdd Log[0m
        [36m</button>[31m
      [36m</div>[31m
      [36m<div[31m
        [33mclass[31m=[32m"space-y-4"[31m
      [36m>[31m
        [36m<div[31m
          [33mclass[31m=[32m"relative rounded-lg border border-gray-200 bg-white p-4 shadow-sm transition hover:shadow-md dark:border-gray-700 dark:bg-gray-800"[31m
        [36m>[31m
          [36m<div[31m
            [33mclass[31m=[32m"flex items-start justify-between"[31m
          [36m>[31m
            [36m<div[31m
              [33mclass[31m=[32m"flex-1 pr-10"[31m
            [36m>[31m
              [36m<h3[31m
                [33mclass[31m=[32m"font-semibold text-gray-900 dark:text-white"[31m
              [36m>[31m
                [0mOil Change[0m
              [36m</h3>[31m
              [36m<p[31m
                [33mclass[31m=[32m"mt-1 text-sm text-gray-500 dark:text-gray-400"[31m
              [36m>[31m
                [0mJan 15, 2024[0m
              [36m</p>[31m
            [36m</div>[31m
          [36m</div>[31m
          [36m<p[31m
            [33mclass[31m=[32m"mt-3 text-sm text-gray-700 dark:text-gray-300 whitespace-pre-wrap"[31m
          [36m>[31m
            [0mChanged oil and filter[0m
          [36m</p>[31m
        [36m</div>[31m
        [36m<div[31m
          [33mclass[31m=[32m"relative rounded-lg border border-gray-200 bg-white p-4 shadow-sm transition hover:shadow-md dark:border-gray-700 dark:bg-gray-800"[31m
        [36m>[31m
          [36m<div[31m
            [33mclass[31m=[32m"flex items-start justify-between"[31m
          [36m>[31m
            [36m<div[31m
              [33mclass[31m=[32m"flex-1 pr-10"[31m
            [36m>[31m
              [36m<h3[31m
                [33mclass[31m=[32m"font-semibold text-gray-900 dark:text-white"[31m
              [36m>[31m
                [0mTire Rotation[0m
              [36m</h3>[31m
              [36m<p[31m
                [33mclass[31m=[32m"mt-1 text-sm text-gray-500 dark:text-gray-400"[31m
              [36m>[31m
                [0mJan 10, 2024[0m
              [36m</p>[31m
            [36m</div>[31m
          [36m</div>[31m
          [36m<p[31m
            [33mclass[31m=[32m"mt-3 text-sm text-gray-700 dark:text-gray-300 whitespace-pre-wrap"[31m
          [36m>[31m
            [0mRotated all tires[0m
          [36m</p>[31m
        [36m</div>[31m
      [36m</div>[31m
    [36m</div>[31m
  [36m</div>[31m
[36m</body>[31m[39m
[90m [2m❯[22m Object.getElementError node_modules/@testing-library/dom/dist/config.js:[2m37:19[22m[39m
[90m [2m❯[22m node_modules/@testing-library/dom/dist/query-helpers.js:[2m76:38[22m[39m
[90m [2m❯[22m node_modules/@testing-library/dom/dist/query-helpers.js:[2m52:17[22m[39m
[90m [2m❯[22m node_modules/@testing-library/dom/dist/query-helpers.js:[2m95:19[22m[39m
[36m [2m❯[22m src/tests/unit/LogsTab.test.tsx:[2m702:37[22m[39m
    [90m700| [39m      mockRange[33m.[39m[34mmockReturnValueOnce[39m([33mPromise[39m[33m.[39m[34mresolve[39m({ data[33m:[39m [][33m,[39m error[33m:[39m…
    [90m701| [39m
    [90m702| [39m      [35mconst[39m loadMoreButton [33m=[39m screen[33m.[39m[34mgetByText[39m([32m'Load More'[39m)[33m;[39m
    [90m   | [39m                                    [31m^[39m
    [90m703| [39m      fireEvent[33m.[39m[34mclick[39m(loadMoreButton)[33m;[39m
    [90m704| [39m

[31m[2m⎯⎯⎯⎯⎯⎯⎯⎯⎯⎯⎯⎯⎯⎯⎯⎯⎯⎯⎯⎯⎯⎯[13/15]⎯[22m[39m

[31m[1m[7m FAIL [27m[22m[39m src/tests/unit/LogsTab.test.tsx[2m > [22mLogsTab Component[2m > [22mLoad More Pagination[2m > [22mshould show loading state while loading more
[31m[1mTestingLibraryElementError[22m: Unable to find an element with the text: Loading.... This could be because the text is broken up by multiple elements. In this case, you can provide a function for your text matcher to make your matcher more flexible.

Ignored nodes: comments, script, style
[36m<body>[31m
  [36m<div>[31m
    [36m<div[31m
      [33mclass[31m=[32m"flex items-center justify-center py-12"[31m
    [36m>[31m
      [36m<span[31m
        [33mclass[31m=[32m"loading loading-spinner loading-lg text-[#2f6ea8]"[31m
      [36m/>[31m
    [36m</div>[31m
  [36m</div>[31m
[36m</body>[31m

Ignored nodes: comments, script, style
[36m<html>[31m
  [36m<head />[31m
  [36m<body>[31m
    [36m<div>[31m
      [36m<div[31m
        [33mclass[31m=[32m"flex items-center justify-center py-12"[31m
      [36m>[31m
        [36m<span[31m
          [33mclass[31m=[32m"loading loading-spinner loading-lg text-[#2f6ea8]"[31m
        [36m/>[31m
      [36m</div>[31m
    [36m</div>[31m
  [36m</body>[31m
[36m</html>[31m[39m
[90m [2m❯[22m Proxy.waitForWrapper node_modules/@testing-library/dom/dist/wait-for.js:[2m163:27[22m[39m
[36m [2m❯[22m src/tests/unit/LogsTab.test.tsx:[2m733:13[22m[39m
    [90m731| [39m      fireEvent[33m.[39m[34mclick[39m(loadMoreButton)[33m;[39m
    [90m732| [39m
    [90m733| [39m      [35mawait[39m [34mwaitFor[39m(() [33m=>[39m {
    [90m   | [39m            [31m^[39m
    [90m734| [39m        [34mexpect[39m(screen[33m.[39m[34mgetByText[39m([32m'Loading...'[39m))[33m.[39m[34mtoBeInTheDocument[39m()[33m;[39m
    [90m735| [39m      })[33m;[39m

[31m[2m⎯⎯⎯⎯⎯⎯⎯⎯⎯⎯⎯⎯⎯⎯⎯⎯⎯⎯⎯⎯⎯⎯[14/15]⎯[22m[39m

[31m[1m[7m FAIL [27m[22m[39m src/tests/unit/LogsTab.test.tsx[2m > [22mLogsTab Component[2m > [22mLoad More Pagination[2m > [22mshould append new logs to existing list
[31m[1mTestingLibraryElementError[22m[39m: Unable to find an element with the text: Service 10. This could be because the text is broken up by multiple elements. In this case, you can provide a function for your text matcher to make your matcher more flexible.

Ignored nodes: comments, script, style
[36m<body>[39m
  [36m<div>[39m
    [36m<div>[39m
      [36m<div[39m
        [33mclass[39m=[32m"mb-6 flex items-center justify-between"[39m
      [36m>[39m
        [36m<h2[39m
          [33mclass[39m=[32m"text-xl font-semibold text-gray-900 dark:text-white"[39m
        [36m>[39m
          [0mService Logs[0m
        [36m</h2>[39m
        [36m<button[39m
          [33mclass[39m=[32m"inline-flex items-center gap-2 rounded-lg bg-[#2f6ea8] px-4 py-2 text-sm font-semibold text-white shadow-sm hover:brightness-110 focus:outline-none focus:ring-2 focus:ring-[#2f6ea8] transition-colors"[39m
          [33mtype[39m=[32m"button"[39m
        [36m>[39m
          [36m<svg[39m
            [33mclass[39m=[32m"h-4 w-4"[39m
            [33mfill[39m=[32m"currentColor"[39m
            [33mheight[39m=[32m"1em"[39m
            [33mstroke[39m=[32m"currentColor"[39m
            [33mstroke-width[39m=[32m"0"[39m
            [33mviewBox[39m=[32m"0 0 448 512"[39m
            [33mwidth[39m=[32m"1em"[39m
            [33mxmlns[39m=[32m"http://www.w3.org/2000/svg"[39m
          [36m>[39m
            [36m<path[39m
              [33md[39m=[32m"M416 208H272V64c0-17.67-14.33-32-32-32h-32c-17.67 0-32 14.33-32 32v144H32c-17.67 0-32 14.33-32 32v32c0 17.67 14.33 32 32 32h144v144c0 17.67 14.33 32 32 32h32c17.67 0 32-14.33 32-32V304h144c17.67 0 32-14.33 32-32v-32c0-17.67-14.33-32-32-32z"[39m
            [36m/>[39m
          [36m</svg>[39m
          [0mAdd Log[0m
        [36m</button>[39m
      [36m</div>[39m
      [36m<div[39m
        [33mclass[39m=[32m"space-y-4"[39m
      [36m>[39m
        [36m<div[39m
          [33mclass[39m=[32m"relative rounded-lg border border-gray-200 bg-white p-4 shadow-sm transition hover:shadow-md dark:border-gray-700 dark:bg-gray-800"[39m
        [36m>[39m
          [36m<div[39m
            [33mclass[39m=[32m"flex items-start justify-between"[39m
          [36m>[39m
            [36m<div[39m
              [33mclass[39m=[32m"flex-1 pr-10"[39m
            [36m>[39m
              [36m<h3[39m
                [33mclass[39m=[32m"font-semibold text-gray-900 dark:text-white"[39m
              [36m>[39m
                [0mOil Change[0m
              [36m</h3>[39m
              [36m<p[39m
                [33mclass[39m=[32m"mt-1 text-sm text-gray-500 dark:text-gray-400"[39m
              [36m>[39m
                [0mJan 15, 2024[0m
              [36m</p>[39m
            [36m</div>[39m
          [36m</div>[39m
          [36m<p[39m
            [33mclass[39m=[32m"mt-3 text-sm text-gray-700 dark:text-gray-300 whitespace-pre-wrap"[39m
          [36m>[39m
            [0mChanged oil and filter[0m
          [36m</p>[39m
        [36m</div>[39m
        [36m<div[39m
          [33mclass[39m=[32m"relative rounded-lg border border-gray-200 bg-white p-4 shadow-sm transition hover:shadow-md dark:border-gray-700 dark:bg-gray-800"[39m
        [36m>[39m
          [36m<div[39m
            [33mclass[39m=[32m"flex items-start justify-between"[39m
          [36m>[39m
            [36m<div[39m
              [33mclass[39m=[32m"flex-1 pr-10"[39m
            [36m>[39m
              [36m<h3[39m
                [33mclass[39m=[32m"font-semibold text-gray-900 dark:text-white"[39m
              [36m>[39m
                [0mTire Rotation[0m
              [36m</h3>[39m
              [36m<p[39m
                [33mclass[39m=[32m"mt-1 text-sm text-gray-500 dark:text-gray-400"[39m
              [36m>[39m
                [0mJan 10, 2024[0m
              [36m</p>[39m
            [36m</div>[39m
          [36m</div>[39m
          [36m<p[39m
            [33mclass[39m=[32m"mt-3 text-sm text-gray-700 dark:text-gray-300 whitespace-pre-wrap"[39m
          [36m>[39m
            [0mRotated all tires[0m
          [36m</p>[39m
        [36m</div>[39m
      [36m</div>[39m
    [36m</div>[39m
  [36m</div>[39m
[36m</body>[39m

Ignored nodes: comments, script, style
[36m<html>[39m
  [36m<head />[39m
  [36m<body>[39m
    [36m<div>[39m
      [36m<div>[39m
        [36m<div[39m
          [33mclass[39m=[32m"mb-6 flex items-center justify-between"[39m
        [36m>[39m
          [36m<h2[39m
            [33mclass[39m=[32m"text-xl font-semibold text-gray-900 dark:text-white"[39m
          [36m>[39m
            [0mService Logs[0m
          [36m</h2>[39m
          [36m<button[39m
            [33mclass[39m=[32m"inline-flex items-center gap-2 rounded-lg bg-[#2f6ea8] px-4 py-2 text-sm font-semibold text-white shadow-sm hover:brightness-110 focus:outline-none focus:ring-2 focus:ring-[#2f6ea8] transition-colors"[39m
            [33mtype[39m=[32m"button"[39m
          [36m>[39m
            [36m<svg[39m
              [33mclass[39m=[32m"h-4 w-4"[39m
              [33mfill[39m=[32m"currentColor"[39m
              [33mheight[39m=[32m"1em"[39m
              [33mstroke[39m=[32m"currentColor"[39m
              [33mstroke-width[39m=[32m"0"[39m
              [33mviewBox[39m=[32m"0 0 448 512"[39m
              [33mwidth[39m=[32m"1em"[39m
              [33mxmlns[39m=[32m"http://www.w3.org/2000/svg"[39m
            [36m>[39m
              [36m<path[39m
                [33md[39m=[32m"M416 208H272V64c0-17.67-14.33-32-32-32h-32c-17.67 0-32 14.33-32 32v144H32c-17.67 0-32 14.33-32 32v32c0 17.67 14.33 32 32 32h144v144c0 17.67 14.33 32 32 32h32c17.67 0 32-14.33 32-32V304h144c17.67 0 32-14.33 32-32v-32c0-17.67-14.33-32-32-32z"[39m
              [36m/>[39m
            [36m</svg>[39m
            [0mAdd Log[0m
          [36m</button>[39m
        [36m</div>[39m
        [36m<div[39m
          [33mclass[39m=[32m"space-y-4"[39m
        [36m>[39m
          [36m<div[39m
            [33mclass[39m=[32m"relative rounded-lg border border-gray-200 bg-white p-4 shadow-sm transition hover:shadow-md dark:border-gray-700 dark:bg-gray-800"[39m
          [36m>[39m
            [36m<div[39m
              [33mclass[39m=[32m"flex items-start justify-between"[39m
            [36m>[39m
              [36m<div[39m
                [33mclass[39m=[32m"flex-1 pr-10"[39m
              [36m>[39m
                [36m<h3[39m
                  [33mclass[39m=[32m"font-semibold text-gray-900 dark:text-white"[39m
                [36m>[39m
                  [0mOil Change[0m
                [36m</h3>[39m
                [36m<p[39m
                  [33mclass[39m=[32m"mt-1 text-sm text-gray-500 dark:text-gray-400"[39m
                [36m>[39m
                  [0mJan 15, 2024[0m
                [36m</p>[39m
              [36m</div>[39m
            [36m</div>[39m
            [36m<p[39m
              [33mclass[39m=[32m"mt-3 text-sm text-gray-700 dark:text-gray-300 whitespace-pre-wrap"[39m
            [36m>[39m
              [0mChanged oil and filter[0m
            [36m</p>[39m
          [36m</div>[39m
          [36m<div[39m
            [33mclass[39m=[32m"relative rounded-lg border border-gray-200 bg-white p-4 shadow-sm transition hover:shadow-md dark:border-gray-700 dark:bg-gray-800"[39m
          [36m>[39m
            [36m<div[39m
              [33mclass[39m=[32m"flex items-start justify-between"[39m
            [36m>[39m
              [36m<div[39m
                [33mclass[39m=[32m"flex-1 pr-10"[39m
              [36m>[39m
                [36m<h3[39m
                  [33mclass[39m=[32m"font-semibold text-gray-900 dark:text-white"[39m
                [36m>[39m
                  [0mTire Rotation[0m
                [36m</h3>[39m
                [36m<p[39m
                  [33mclass[39m=[32m"mt-1 text-sm text-gray-500 dark:text-gray-400"[39m
                [36m>[39m
                  [0mJan 10, 2024[0m
                [36m</p>[39m
              [36m</div>[39m
            [36m</div>[39m
            [36m<p[39m
              [33mclass[39m=[32m"mt-3 text-sm text-gray-700 dark:text-gray-300 whitespace-pre-wrap"[39m
            [36m>[39m
              [0mRotated all tires[0m
            [36m</p>[39m
          [36m</div>[39m
        [36m</div>[39m
      [36m</div>[39m
    [36m</div>[39m
  [36m</body>[39m
[36m</html>[39m
[90m [2m❯[22m Proxy.waitForWrapper node_modules/@testing-library/dom/dist/wait-for.js:[2m163:27[22m[39m
[36m [2m❯[22m src/tests/unit/LogsTab.test.tsx:[2m771:13[22m[39m
    [90m769| [39m      fireEvent[33m.[39m[34mclick[39m(loadMoreButton)[33m;[39m
    [90m770| [39m
    [90m771| [39m      [35mawait[39m [34mwaitFor[39m(() [33m=>[39m {
    [90m   | [39m            [31m^[39m
    [90m772| [39m        [34mexpect[39m(screen[33m.[39m[34mgetByText[39m([32m'Service 10'[39m))[33m.[39m[34mtoBeInTheDocument[39m()[33m;[39m
    [90m773| [39m        [34mexpect[39m(screen[33m.[39m[34mgetByText[39m([32m'Service 0'[39m))[33m.[39m[34mtoBeInTheDocument[39m()[33m;[39m [90m// [39m…

[31m[2m⎯⎯⎯⎯⎯⎯⎯⎯⎯⎯⎯⎯⎯⎯⎯⎯⎯⎯⎯⎯⎯⎯[15/15]⎯[22m[39m

[31m⎯⎯⎯⎯⎯⎯[1m[7m Unhandled Errors [27m[22m⎯⎯⎯⎯⎯⎯[39m
[31m[1m
Vitest caught 20 unhandled errors during the test run.
This might cause false positive tests. Resolve unhandled errors to make sure your tests are not affected.[22m[39m

[31m⎯⎯⎯⎯[1m[7m Unhandled Rejection [27m[22m⎯⎯⎯⎯⎯[39m
[31m[1mTypeError[22m: Cannot set properties of null (setting 'value')[39m
[36m [2m❯[22m handleFileChange src/components/Details/PhotoUpload.tsx:[2m101:23[22m[39m
    [90m 99| [39m      [34msetUploading[39m([35mfalse[39m)[33m;[39m
    [90m100| [39m      [90m// optional: reset input[39m
    [90m101| [39m      e[33m.[39mcurrentTarget[33m.[39mvalue [33m=[39m [32m""[39m[33m;[39m
    [90m   | [39m                      [31m^[39m
    [90m102| [39m    }
    [90m103| [39m  }
[90m [2m❯[22m processTicksAndRejections node:internal/process/task_queues:[2m105:5[22m[39m

[31mThis error originated in "[1msrc/tests/unit/PhotoUpload.test.tsx[22m" test file. It doesn't mean the error was thrown inside the file itself, but while it was running.[39m
[31mThe latest test that might've caused the error is "[1mshould upload valid JPEG file[22m". It might mean one of the following:
- The error was thrown, while Vitest was running this test.
- If the error occurred after the test had been completed, this was the last documented test before it was thrown.[39m

[31m⎯⎯⎯⎯[1m[7m Unhandled Rejection [27m[22m⎯⎯⎯⎯⎯[39m
[31m[1mTypeError[22m: Cannot set properties of null (setting 'value')[39m
[36m [2m❯[22m handleFileChange src/components/Details/PhotoUpload.tsx:[2m101:23[22m[39m
    [90m 99| [39m      [34msetUploading[39m([35mfalse[39m)[33m;[39m
    [90m100| [39m      [90m// optional: reset input[39m
    [90m101| [39m      e[33m.[39mcurrentTarget[33m.[39mvalue [33m=[39m [32m""[39m[33m;[39m
    [90m   | [39m                      [31m^[39m
    [90m102| [39m    }
    [90m103| [39m  }

[31mThis error originated in "[1msrc/tests/unit/PhotoUpload.test.tsx[22m" test file. It doesn't mean the error was thrown inside the file itself, but while it was running.[39m
[31mThe latest test that might've caused the error is "[1mshould upload valid PNG file[22m". It might mean one of the following:
- The error was thrown, while Vitest was running this test.
- If the error occurred after the test had been completed, this was the last documented test before it was thrown.[39m

[31m⎯⎯⎯⎯[1m[7m Unhandled Rejection [27m[22m⎯⎯⎯⎯⎯[39m
[31m[1mTypeError[22m: Cannot set properties of null (setting 'value')[39m
[36m [2m❯[22m handleFileChange src/components/Details/PhotoUpload.tsx:[2m101:23[22m[39m
    [90m 99| [39m      [34msetUploading[39m([35mfalse[39m)[33m;[39m
    [90m100| [39m      [90m// optional: reset input[39m
    [90m101| [39m      e[33m.[39mcurrentTarget[33m.[39mvalue [33m=[39m [32m""[39m[33m;[39m
    [90m   | [39m                      [31m^[39m
    [90m102| [39m    }
    [90m103| [39m  }

[31mThis error originated in "[1msrc/tests/unit/PhotoUpload.test.tsx[22m" test file. It doesn't mean the error was thrown inside the file itself, but while it was running.[39m
[31mThe latest test that might've caused the error is "[1mshould upload valid WebP file[22m". It might mean one of the following:
- The error was thrown, while Vitest was running this test.
- If the error occurred after the test had been completed, this was the last documented test before it was thrown.[39m

[31m⎯⎯⎯⎯[1m[7m Unhandled Rejection [27m[22m⎯⎯⎯⎯⎯[39m
[31m[1mTypeError[22m: Cannot set properties of null (setting 'value')[39m
[36m [2m❯[22m handleFileChange src/components/Details/PhotoUpload.tsx:[2m101:23[22m[39m
    [90m 99| [39m      [34msetUploading[39m([35mfalse[39m)[33m;[39m
    [90m100| [39m      [90m// optional: reset input[39m
    [90m101| [39m      e[33m.[39mcurrentTarget[33m.[39mvalue [33m=[39m [32m""[39m[33m;[39m
    [90m   | [39m                      [31m^[39m
    [90m102| [39m    }
    [90m103| [39m  }

[31mThis error originated in "[1msrc/tests/unit/PhotoUpload.test.tsx[22m" test file. It doesn't mean the error was thrown inside the file itself, but while it was running.[39m
[31mThe latest test that might've caused the error is "[1mshould create preview URL for uploaded file[22m". It might mean one of the following:
- The error was thrown, while Vitest was running this test.
- If the error occurred after the test had been completed, this was the last documented test before it was thrown.[39m

[31m⎯⎯⎯⎯[1m[7m Unhandled Rejection [27m[22m⎯⎯⎯⎯⎯[39m
[31m[1mTypeError[22m: Cannot set properties of null (setting 'value')[39m
[36m [2m❯[22m handleFileChange src/components/Details/PhotoUpload.tsx:[2m101:23[22m[39m
    [90m 99| [39m      [34msetUploading[39m([35mfalse[39m)[33m;[39m
    [90m100| [39m      [90m// optional: reset input[39m
    [90m101| [39m      e[33m.[39mcurrentTarget[33m.[39mvalue [33m=[39m [32m""[39m[33m;[39m
    [90m   | [39m                      [31m^[39m
    [90m102| [39m    }
    [90m103| [39m  }
[90m [2m❯[22m runNextTicks node:internal/process/task_queues:[2m65:5[22m[39m
[90m [2m❯[22m processTimers node:internal/timers:[2m520:9[22m[39m

[31mThis error originated in "[1msrc/tests/unit/PhotoUpload.test.tsx[22m" test file. It doesn't mean the error was thrown inside the file itself, but while it was running.[39m
[31mThe latest test that might've caused the error is "[1mshould set all existing photos to not primary before upload[22m". It might mean one of the following:
- The error was thrown, while Vitest was running this test.
- If the error occurred after the test had been completed, this was the last documented test before it was thrown.[39m

[31m⎯⎯⎯⎯[1m[7m Unhandled Rejection [27m[22m⎯⎯⎯⎯⎯[39m
[31m[1mTypeError[22m: Cannot set properties of null (setting 'value')[39m
[36m [2m❯[22m handleFileChange src/components/Details/PhotoUpload.tsx:[2m101:23[22m[39m
    [90m 99| [39m      [34msetUploading[39m([35mfalse[39m)[33m;[39m
    [90m100| [39m      [90m// optional: reset input[39m
    [90m101| [39m      e[33m.[39mcurrentTarget[33m.[39mvalue [33m=[39m [32m""[39m[33m;[39m
    [90m   | [39m                      [31m^[39m
    [90m102| [39m    }
    [90m103| [39m  }

[31mThis error originated in "[1msrc/tests/unit/PhotoUpload.test.tsx[22m" test file. It doesn't mean the error was thrown inside the file itself, but while it was running.[39m
[31mThe latest test that might've caused the error is "[1mshould insert new attachment as primary photo[22m". It might mean one of the following:
- The error was thrown, while Vitest was running this test.
- If the error occurred after the test had been completed, this was the last documented test before it was thrown.[39m

[31m⎯⎯⎯⎯[1m[7m Unhandled Rejection [27m[22m⎯⎯⎯⎯⎯[39m
[31m[1mTypeError[22m: Cannot set properties of null (setting 'value')[39m
[36m [2m❯[22m handleFileChange src/components/Details/PhotoUpload.tsx:[2m101:23[22m[39m
    [90m 99| [39m      [34msetUploading[39m([35mfalse[39m)[33m;[39m
    [90m100| [39m      [90m// optional: reset input[39m
    [90m101| [39m      e[33m.[39mcurrentTarget[33m.[39mvalue [33m=[39m [32m""[39m[33m;[39m
    [90m   | [39m                      [31m^[39m
    [90m102| [39m    }
    [90m103| [39m  }

[31mThis error originated in "[1msrc/tests/unit/PhotoUpload.test.tsx[22m" test file. It doesn't mean the error was thrown inside the file itself, but while it was running.[39m
[31mThe latest test that might've caused the error is "[1mshould call onUploaded callback after successful upload[22m". It might mean one of the following:
- The error was thrown, while Vitest was running this test.
- If the error occurred after the test had been completed, this was the last documented test before it was thrown.[39m

[31m⎯⎯⎯⎯[1m[7m Unhandled Rejection [27m[22m⎯⎯⎯⎯⎯[39m
[31m[1mTypeError[22m: Cannot set properties of null (setting 'value')[39m
[36m [2m❯[22m handleFileChange src/components/Details/PhotoUpload.tsx:[2m101:23[22m[39m
    [90m 99| [39m      [34msetUploading[39m([35mfalse[39m)[33m;[39m
    [90m100| [39m      [90m// optional: reset input[39m
    [90m101| [39m      e[33m.[39mcurrentTarget[33m.[39mvalue [33m=[39m [32m""[39m[33m;[39m
    [90m   | [39m                      [31m^[39m
    [90m102| [39m    }
    [90m103| [39m  }

[31mThis error originated in "[1msrc/tests/unit/PhotoUpload.test.tsx[22m" test file. It doesn't mean the error was thrown inside the file itself, but while it was running.[39m
[31mThe latest test that might've caused the error is "[1mshould reset input value after upload[22m". It might mean one of the following:
- The error was thrown, while Vitest was running this test.
- If the error occurred after the test had been completed, this was the last documented test before it was thrown.[39m

[31m⎯⎯⎯⎯[1m[7m Unhandled Rejection [27m[22m⎯⎯⎯⎯⎯[39m
[31m[1mTypeError[22m: Cannot set properties of null (setting 'value')[39m
[36m [2m❯[22m handleFileChange src/components/Details/PhotoUpload.tsx:[2m101:23[22m[39m
    [90m 99| [39m      [34msetUploading[39m([35mfalse[39m)[33m;[39m
    [90m100| [39m      [90m// optional: reset input[39m
    [90m101| [39m      e[33m.[39mcurrentTarget[33m.[39mvalue [33m=[39m [32m""[39m[33m;[39m
    [90m   | [39m                      [31m^[39m
    [90m102| [39m    }
    [90m103| [39m  }

[31mThis error originated in "[1msrc/tests/unit/PhotoUpload.test.tsx[22m" test file. It doesn't mean the error was thrown inside the file itself, but while it was running.[39m
[31mThe latest test that might've caused the error is "[1mshould clear previous errors when selecting new file[22m". It might mean one of the following:
- The error was thrown, while Vitest was running this test.
- If the error occurred after the test had been completed, this was the last documented test before it was thrown.[39m

[31m⎯⎯⎯⎯[1m[7m Unhandled Rejection [27m[22m⎯⎯⎯⎯⎯[39m
[31m[1mTypeError[22m: Cannot set properties of null (setting 'value')[39m
[36m [2m❯[22m handleFileChange src/components/Details/PhotoUpload.tsx:[2m101:23[22m[39m
    [90m 99| [39m      [34msetUploading[39m([35mfalse[39m)[33m;[39m
    [90m100| [39m      [90m// optional: reset input[39m
    [90m101| [39m      e[33m.[39mcurrentTarget[33m.[39mvalue [33m=[39m [32m""[39m[33m;[39m
    [90m   | [39m                      [31m^[39m
    [90m102| [39m    }
    [90m103| [39m  }

[31mThis error originated in "[1msrc/tests/unit/PhotoUpload.test.tsx[22m" test file. It doesn't mean the error was thrown inside the file itself, but while it was running.[39m
[31mThe latest test that might've caused the error is "[1mshould show uploading state during upload[22m". It might mean one of the following:
- The error was thrown, while Vitest was running this test.
- If the error occurred after the test had been completed, this was the last documented test before it was thrown.[39m

[31m⎯⎯⎯⎯[1m[7m Unhandled Rejection [27m[22m⎯⎯⎯⎯⎯[39m
[31m[1mTypeError[22m: Cannot set properties of null (setting 'value')[39m
[36m [2m❯[22m handleFileChange src/components/Details/PhotoUpload.tsx:[2m101:23[22m[39m
    [90m 99| [39m      [34msetUploading[39m([35mfalse[39m)[33m;[39m
    [90m100| [39m      [90m// optional: reset input[39m
    [90m101| [39m      e[33m.[39mcurrentTarget[33m.[39mvalue [33m=[39m [32m""[39m[33m;[39m
    [90m   | [39m                      [31m^[39m
    [90m102| [39m    }
    [90m103| [39m  }

[31mThis error originated in "[1msrc/tests/unit/PhotoUpload.test.tsx[22m" test file. It doesn't mean the error was thrown inside the file itself, but while it was running.[39m
[31mThe latest test that might've caused the error is "[1mshould disable input during upload[22m". It might mean one of the following:
- The error was thrown, while Vitest was running this test.
- If the error occurred after the test had been completed, this was the last documented test before it was thrown.[39m

[31m⎯⎯⎯⎯[1m[7m Unhandled Rejection [27m[22m⎯⎯⎯⎯⎯[39m
[31m[1mTypeError[22m: Cannot set properties of null (setting 'value')[39m
[36m [2m❯[22m handleFileChange src/components/Details/PhotoUpload.tsx:[2m101:23[22m[39m
    [90m 99| [39m      [34msetUploading[39m([35mfalse[39m)[33m;[39m
    [90m100| [39m      [90m// optional: reset input[39m
    [90m101| [39m      e[33m.[39mcurrentTarget[33m.[39mvalue [33m=[39m [32m""[39m[33m;[39m
    [90m   | [39m                      [31m^[39m
    [90m102| [39m    }
    [90m103| [39m  }

[31mThis error originated in "[1msrc/tests/unit/PhotoUpload.test.tsx[22m" test file. It doesn't mean the error was thrown inside the file itself, but while it was running.[39m
[31mThe latest test that might've caused the error is "[1mshould handle storage upload errors[22m". It might mean one of the following:
- The error was thrown, while Vitest was running this test.
- If the error occurred after the test had been completed, this was the last documented test before it was thrown.[39m

[31m⎯⎯⎯⎯[1m[7m Unhandled Rejection [27m[22m⎯⎯⎯⎯⎯[39m
[31m[1mTypeError[22m: Cannot set properties of null (setting 'value')[39m
[36m [2m❯[22m handleFileChange src/components/Details/PhotoUpload.tsx:[2m101:23[22m[39m
    [90m 99| [39m      [34msetUploading[39m([35mfalse[39m)[33m;[39m
    [90m100| [39m      [90m// optional: reset input[39m
    [90m101| [39m      e[33m.[39mcurrentTarget[33m.[39mvalue [33m=[39m [32m""[39m[33m;[39m
    [90m   | [39m                      [31m^[39m
    [90m102| [39m    }
    [90m103| [39m  }

[31mThis error originated in "[1msrc/tests/unit/PhotoUpload.test.tsx[22m" test file. It doesn't mean the error was thrown inside the file itself, but while it was running.[39m
[31mThe latest test that might've caused the error is "[1mshould handle attachment update errors[22m". It might mean one of the following:
- The error was thrown, while Vitest was running this test.
- If the error occurred after the test had been completed, this was the last documented test before it was thrown.[39m

[31m⎯⎯⎯⎯[1m[7m Unhandled Rejection [27m[22m⎯⎯⎯⎯⎯[39m
[31m[1mTypeError[22m: Cannot set properties of null (setting 'value')[39m
[36m [2m❯[22m handleFileChange src/components/Details/PhotoUpload.tsx:[2m101:23[22m[39m
    [90m 99| [39m      [34msetUploading[39m([35mfalse[39m)[33m;[39m
    [90m100| [39m      [90m// optional: reset input[39m
    [90m101| [39m      e[33m.[39mcurrentTarget[33m.[39mvalue [33m=[39m [32m""[39m[33m;[39m
    [90m   | [39m                      [31m^[39m
    [90m102| [39m    }
    [90m103| [39m  }

[31mThis error originated in "[1msrc/tests/unit/PhotoUpload.test.tsx[22m" test file. It doesn't mean the error was thrown inside the file itself, but while it was running.[39m
[31mThe latest test that might've caused the error is "[1mshould handle attachment insert errors[22m". It might mean one of the following:
- The error was thrown, while Vitest was running this test.
- If the error occurred after the test had been completed, this was the last documented test before it was thrown.[39m

[31m⎯⎯⎯⎯[1m[7m Unhandled Rejection [27m[22m⎯⎯⎯⎯⎯[39m
[31m[1mTypeError[22m: Cannot set properties of null (setting 'value')[39m
[36m [2m❯[22m handleFileChange src/components/Details/PhotoUpload.tsx:[2m101:23[22m[39m
    [90m 99| [39m      [34msetUploading[39m([35mfalse[39m)[33m;[39m
    [90m100| [39m      [90m// optional: reset input[39m
    [90m101| [39m      e[33m.[39mcurrentTarget[33m.[39mvalue [33m=[39m [32m""[39m[33m;[39m
    [90m   | [39m                      [31m^[39m
    [90m102| [39m    }
    [90m103| [39m  }

[31mThis error originated in "[1msrc/tests/unit/PhotoUpload.test.tsx[22m" test file. It doesn't mean the error was thrown inside the file itself, but while it was running.[39m
[31mThe latest test that might've caused the error is "[1mshould show generic error message for unknown errors[22m". It might mean one of the following:
- The error was thrown, while Vitest was running this test.
- If the error occurred after the test had been completed, this was the last documented test before it was thrown.[39m

[31m⎯⎯⎯⎯[1m[7m Unhandled Rejection [27m[22m⎯⎯⎯⎯⎯[39m
[31m[1mTypeError[22m: Cannot set properties of null (setting 'value')[39m
[36m [2m❯[22m handleFileChange src/components/Details/PhotoUpload.tsx:[2m101:23[22m[39m
    [90m 99| [39m      [34msetUploading[39m([35mfalse[39m)[33m;[39m
    [90m100| [39m      [90m// optional: reset input[39m
    [90m101| [39m      e[33m.[39mcurrentTarget[33m.[39mvalue [33m=[39m [32m""[39m[33m;[39m
    [90m   | [39m                      [31m^[39m
    [90m102| [39m    }
    [90m103| [39m  }

[31mThis error originated in "[1msrc/tests/unit/PhotoUpload.test.tsx[22m" test file. It doesn't mean the error was thrown inside the file itself, but while it was running.[39m
[31mThe latest test that might've caused the error is "[1mshould not call onUploaded when upload fails[22m". It might mean one of the following:
- The error was thrown, while Vitest was running this test.
- If the error occurred after the test had been completed, this was the last documented test before it was thrown.[39m

[31m⎯⎯⎯⎯[1m[7m Unhandled Rejection [27m[22m⎯⎯⎯⎯⎯[39m
[31m[1mTypeError[22m: Cannot set properties of null (setting 'value')[39m
[36m [2m❯[22m handleFileChange src/components/Details/PhotoUpload.tsx:[2m101:23[22m[39m
    [90m 99| [39m      [34msetUploading[39m([35mfalse[39m)[33m;[39m
    [90m100| [39m      [90m// optional: reset input[39m
    [90m101| [39m      e[33m.[39mcurrentTarget[33m.[39mvalue [33m=[39m [32m""[39m[33m;[39m
    [90m   | [39m                      [31m^[39m
    [90m102| [39m    }
    [90m103| [39m  }

[31mThis error originated in "[1msrc/tests/unit/PhotoUpload.test.tsx[22m" test file. It doesn't mean the error was thrown inside the file itself, but while it was running.[39m
[31mThe latest test that might've caused the error is "[1mshould extract extension from filename[22m". It might mean one of the following:
- The error was thrown, while Vitest was running this test.
- If the error occurred after the test had been completed, this was the last documented test before it was thrown.[39m

[31m⎯⎯⎯⎯[1m[7m Unhandled Rejection [27m[22m⎯⎯⎯⎯⎯[39m
[31m[1mTypeError[22m: Cannot set properties of null (setting 'value')[39m
[36m [2m❯[22m handleFileChange src/components/Details/PhotoUpload.tsx:[2m101:23[22m[39m
    [90m 99| [39m      [34msetUploading[39m([35mfalse[39m)[33m;[39m
    [90m100| [39m      [90m// optional: reset input[39m
    [90m101| [39m      e[33m.[39mcurrentTarget[33m.[39mvalue [33m=[39m [32m""[39m[33m;[39m
    [90m   | [39m                      [31m^[39m
    [90m102| [39m    }
    [90m103| [39m  }

[31mThis error originated in "[1msrc/tests/unit/PhotoUpload.test.tsx[22m" test file. It doesn't mean the error was thrown inside the file itself, but while it was running.[39m
[31mThe latest test that might've caused the error is "[1mshould handle filename with multiple dots[22m". It might mean one of the following:
- The error was thrown, while Vitest was running this test.
- If the error occurred after the test had been completed, this was the last documented test before it was thrown.[39m

[31m⎯⎯⎯⎯[1m[7m Unhandled Rejection [27m[22m⎯⎯⎯⎯⎯[39m
[31m[1mTypeError[22m: Cannot set properties of null (setting 'value')[39m
[36m [2m❯[22m handleFileChange src/components/Details/PhotoUpload.tsx:[2m101:23[22m[39m
    [90m 99| [39m      [34msetUploading[39m([35mfalse[39m)[33m;[39m
    [90m100| [39m      [90m// optional: reset input[39m
    [90m101| [39m      e[33m.[39mcurrentTarget[33m.[39mvalue [33m=[39m [32m""[39m[33m;[39m
    [90m   | [39m                      [31m^[39m
    [90m102| [39m    }
    [90m103| [39m  }

[31mThis error originated in "[1msrc/tests/unit/PhotoUpload.test.tsx[22m" test file. It doesn't mean the error was thrown inside the file itself, but while it was running.[39m
[31mThe latest test that might've caused the error is "[1mshould convert extension to lowercase[22m". It might mean one of the following:
- The error was thrown, while Vitest was running this test.
- If the error occurred after the test had been completed, this was the last documented test before it was thrown.[39m

[31m⎯⎯⎯⎯[1m[7m Unhandled Rejection [27m[22m⎯⎯⎯⎯⎯[39m
[31m[1mTypeError[22m: Cannot set properties of null (setting 'value')[39m
[36m [2m❯[22m handleFileChange src/components/Details/PhotoUpload.tsx:[2m101:23[22m[39m
    [90m 99| [39m      [34msetUploading[39m([35mfalse[39m)[33m;[39m
    [90m100| [39m      [90m// optional: reset input[39m
    [90m101| [39m      e[33m.[39mcurrentTarget[33m.[39mvalue [33m=[39m [32m""[39m[33m;[39m
    [90m   | [39m                      [31m^[39m
    [90m102| [39m    }
    [90m103| [39m  }

[31mThis error originated in "[1msrc/tests/unit/PhotoUpload.test.tsx[22m" test file. It doesn't mean the error was thrown inside the file itself, but while it was running.[39m
[31mThe latest test that might've caused the error is "[1mshould handle null equipmentId[22m". It might mean one of the following:
- The error was thrown, while Vitest was running this test.
- If the error occurred after the test had been completed, this was the last documented test before it was thrown.[39m
[31m⎯⎯⎯⎯⎯⎯⎯⎯⎯⎯⎯⎯⎯⎯⎯⎯⎯⎯⎯⎯⎯⎯⎯⎯⎯⎯⎯⎯⎯⎯[39m

[2m Test Files [22m [1m[31m1 failed[39m[22m[2m | [22m[1m[32m19 passed[39m[22m[90m (20)[39m
[2m      Tests [22m [1m[31m15 failed[39m[22m[2m | [22m[1m[32m449 passed[39m[22m[90m (464)[39m
[2m     Errors [22m [1m[31m20 errors[39m[22m
[2m   Start at [22m 22:43:38
[2m   Duration [22m 10.50s[2m (transform 6.66s, setup 14.26s, collect 12.78s, tests 16.03s, environment 40.76s, prepare 6.65s)[22m

